Archive member included to satisfy reference by file (symbol)

C:/ST/STM32CubeIDE_2.1.0/STM32CubeIDE/plugins/com.st.stm32cube.ide.mcu.externaltools.gnu-tools-for-stm32.14.3.rel1.win32_1.0.100.202602081740/tools/bin/../lib/gcc/arm-none-eabi/14.3.1/../../../../arm-none-eabi/lib/thumb/v7e-m+fp/hard\libc_nano.a(libc_a-exit.o)
                              C:/ST/STM32CubeIDE_2.1.0/STM32CubeIDE/plugins/com.st.stm32cube.ide.mcu.externaltools.gnu-tools-for-stm32.14.3.rel1.win32_1.0.100.202602081740/tools/bin/../lib/gcc/arm-none-eabi/14.3.1/../../../../arm-none-eabi/lib/thumb/v7e-m+fp/hard/crt0.o (exit)
C:/ST/STM32CubeIDE_2.1.0/STM32CubeIDE/plugins/com.st.stm32cube.ide.mcu.externaltools.gnu-tools-for-stm32.14.3.rel1.win32_1.0.100.202602081740/tools/bin/../lib/gcc/arm-none-eabi/14.3.1/../../../../arm-none-eabi/lib/thumb/v7e-m+fp/hard\libc_nano.a(libc_a-findfp.o)
                              C:/ST/STM32CubeIDE_2.1.0/STM32CubeIDE/plugins/com.st.stm32cube.ide.mcu.externaltools.gnu-tools-for-stm32.14.3.rel1.win32_1.0.100.202602081740/tools/bin/../lib/gcc/arm-none-eabi/14.3.1/../../../../arm-none-eabi/lib/thumb/v7e-m+fp/hard\libc_nano.a(libc_a-exit.o) (__stdio_exit_handler)
C:/ST/STM32CubeIDE_2.1.0/STM32CubeIDE/plugins/com.st.stm32cube.ide.mcu.externaltools.gnu-tools-for-stm32.14.3.rel1.win32_1.0.100.202602081740/tools/bin/../lib/gcc/arm-none-eabi/14.3.1/../../../../arm-none-eabi/lib/thumb/v7e-m+fp/hard\libc_nano.a(libc_a-fwalk.o)
                              C:/ST/STM32CubeIDE_2.1.0/STM32CubeIDE/plugins/com.st.stm32cube.ide.mcu.externaltools.gnu-tools-for-stm32.14.3.rel1.win32_1.0.100.202602081740/tools/bin/../lib/gcc/arm-none-eabi/14.3.1/../../../../arm-none-eabi/lib/thumb/v7e-m+fp/hard\libc_nano.a(libc_a-findfp.o) (_fwalk_sglue)
C:/ST/STM32CubeIDE_2.1.0/STM32CubeIDE/plugins/com.st.stm32cube.ide.mcu.externaltools.gnu-tools-for-stm32.14.3.rel1.win32_1.0.100.202602081740/tools/bin/../lib/gcc/arm-none-eabi/14.3.1/../../../../arm-none-eabi/lib/thumb/v7e-m+fp/hard\libc_nano.a(libc_a-snprintf.o)
                              ./Core/Src/motor_driver_v2.o (snprintf)
C:/ST/STM32CubeIDE_2.1.0/STM32CubeIDE/plugins/com.st.stm32cube.ide.mcu.externaltools.gnu-tools-for-stm32.14.3.rel1.win32_1.0.100.202602081740/tools/bin/../lib/gcc/arm-none-eabi/14.3.1/../../../../arm-none-eabi/lib/thumb/v7e-m+fp/hard\libc_nano.a(libc_a-stdio.o)
                              C:/ST/STM32CubeIDE_2.1.0/STM32CubeIDE/plugins/com.st.stm32cube.ide.mcu.externaltools.gnu-tools-for-stm32.14.3.rel1.win32_1.0.100.202602081740/tools/bin/../lib/gcc/arm-none-eabi/14.3.1/../../../../arm-none-eabi/lib/thumb/v7e-m+fp/hard\libc_nano.a(libc_a-findfp.o) (__sread)
C:/ST/STM32CubeIDE_2.1.0/STM32CubeIDE/plugins/com.st.stm32cube.ide.mcu.externaltools.gnu-tools-for-stm32.14.3.rel1.win32_1.0.100.202602081740/tools/bin/../lib/gcc/arm-none-eabi/14.3.1/../../../../arm-none-eabi/lib/thumb/v7e-m+fp/hard\libc_nano.a(libc_a-memset.o)
                              C:/ST/STM32CubeIDE_2.1.0/STM32CubeIDE/plugins/com.st.stm32cube.ide.mcu.externaltools.gnu-tools-for-stm32.14.3.rel1.win32_1.0.100.202602081740/tools/bin/../lib/gcc/arm-none-eabi/14.3.1/../../../../arm-none-eabi/lib/thumb/v7e-m+fp/hard/crt0.o (memset)
C:/ST/STM32CubeIDE_2.1.0/STM32CubeIDE/plugins/com.st.stm32cube.ide.mcu.externaltools.gnu-tools-for-stm32.14.3.rel1.win32_1.0.100.202602081740/tools/bin/../lib/gcc/arm-none-eabi/14.3.1/../../../../arm-none-eabi/lib/thumb/v7e-m+fp/hard\libc_nano.a(libc_a-closer.o)
                              C:/ST/STM32CubeIDE_2.1.0/STM32CubeIDE/plugins/com.st.stm32cube.ide.mcu.externaltools.gnu-tools-for-stm32.14.3.rel1.win32_1.0.100.202602081740/tools/bin/../lib/gcc/arm-none-eabi/14.3.1/../../../../arm-none-eabi/lib/thumb/v7e-m+fp/hard\libc_nano.a(libc_a-stdio.o) (_close_r)
C:/ST/STM32CubeIDE_2.1.0/STM32CubeIDE/plugins/com.st.stm32cube.ide.mcu.externaltools.gnu-tools-for-stm32.14.3.rel1.win32_1.0.100.202602081740/tools/bin/../lib/gcc/arm-none-eabi/14.3.1/../../../../arm-none-eabi/lib/thumb/v7e-m+fp/hard\libc_nano.a(libc_a-reent.o)
                              C:/ST/STM32CubeIDE_2.1.0/STM32CubeIDE/plugins/com.st.stm32cube.ide.mcu.externaltools.gnu-tools-for-stm32.14.3.rel1.win32_1.0.100.202602081740/tools/bin/../lib/gcc/arm-none-eabi/14.3.1/../../../../arm-none-eabi/lib/thumb/v7e-m+fp/hard\libc_nano.a(libc_a-closer.o) (errno)
C:/ST/STM32CubeIDE_2.1.0/STM32CubeIDE/plugins/com.st.stm32cube.ide.mcu.externaltools.gnu-tools-for-stm32.14.3.rel1.win32_1.0.100.202602081740/tools/bin/../lib/gcc/arm-none-eabi/14.3.1/../../../../arm-none-eabi/lib/thumb/v7e-m+fp/hard\libc_nano.a(libc_a-impure.o)
                              C:/ST/STM32CubeIDE_2.1.0/STM32CubeIDE/plugins/com.st.stm32cube.ide.mcu.externaltools.gnu-tools-for-stm32.14.3.rel1.win32_1.0.100.202602081740/tools/bin/../lib/gcc/arm-none-eabi/14.3.1/../../../../arm-none-eabi/lib/thumb/v7e-m+fp/hard\libc_nano.a(libc_a-snprintf.o) (_impure_ptr)
[...]
Memory Configuration

Name             Origin             Length             Attributes
RAM              0x20000000         0x00020000         xrw
FLASH            0x08000000         0x00080000         xr
*default*        0x00000000         0xffffffff

Linker script and memory map

LOAD C:/ST/STM32CubeIDE_2.1.0/STM32CubeIDE/plugins/com.st.stm32cube.ide.mcu.externaltools.gnu-tools-for-stm32.14.3.rel1.win32_1.0.100.202602081740/tools/bin/../lib/gcc/arm-none-eabi/14.3.1/thumb/v7e-m+fp/hard/crti.o
LOAD C:/ST/STM32CubeIDE_2.1.0/STM32CubeIDE/plugins/com.st.stm32cube.ide.mcu.externaltools.gnu-tools-for-stm32.14.3.rel1.win32_1.0.100.202602081740/tools/bin/../lib/gcc/arm-none-eabi/14.3.1/thumb/v7e-m+fp/hard/crtbegin.o
LOAD C:/ST/STM32CubeIDE_2.1.0/STM32CubeIDE/plugins/com.st.stm32cube.ide.mcu.externaltools.gnu-tools-for-stm32.14.3.rel1.win32_1.0.100.202602081740/tools/bin/../lib/gcc/arm-none-eabi/14.3.1/../../../../arm-none-eabi/lib/thumb/v7e-m+fp/hard/crt0.o
LOAD ./Core/Src/main.o
LOAD ./Core/Src/motor_driver_v2.o
LOAD ./Core/Src/safety_telemetry.o
LOAD ./Core/Src/stm32g4xx_hal_msp.o
LOAD ./Core/Src/stm32g4xx_it.o
LOAD ./Core/Src/syscalls.o
LOAD ./Core/Src/sysmem.o
LOAD ./Core/Src/system_stm32g4xx.o
LOAD ./Core/Startup/startup_stm32g474vetx.o
LOAD ./Drivers/STM32G4xx_HAL_Driver/Src/stm32g4xx_hal.o
LOAD ./Drivers/STM32G4xx_HAL_Driver/Src/stm32g4xx_hal_adc.o
LOAD ./Drivers/STM32G4xx_HAL_Driver/Src/stm32g4xx_hal_adc_ex.o
LOAD ./Drivers/STM32G4xx_HAL_Driver/Src/stm32g4xx_hal_cordic.o
LOAD ./Drivers/STM32G4xx_HAL_Driver/Src/stm32g4xx_hal_cortex.o
LOAD ./Drivers/STM32G4xx_HAL_Driver/Src/stm32g4xx_hal_crc.o
LOAD ./Drivers/STM32G4xx_HAL_Driver/Src/stm32g4xx_hal_crc_ex.o
LOAD ./Drivers/STM32G4xx_HAL_Driver/Src/stm32g4xx_hal_dma.o
LOAD ./Drivers/STM32G4xx_HAL_Driver/Src/stm32g4xx_hal_dma_ex.o
LOAD ./Drivers/STM32G4xx_HAL_Driver/Src/stm32g4xx_hal_exti.o
LOAD ./Drivers/STM32G4xx_HAL_Driver/Src/stm32g4xx_hal_fdcan.o
LOAD ./Drivers/STM32G4xx_HAL_Driver/Src/stm32g4xx_hal_flash.o
LOAD ./Drivers/STM32G4xx_HAL_Driver/Src/stm32g4xx_hal_flash_ex.o
LOAD ./Drivers/STM32G4xx_HAL_Driver/Src/stm32g4xx_hal_flash_ramfunc.o
LOAD ./Drivers/STM32G4xx_HAL_Driver/Src/stm32g4xx_hal_gpio.o
LOAD ./Drivers/STM32G4xx_HAL_Driver/Src/stm32g4xx_hal_i2c.o
LOAD ./Drivers/STM32G4xx_HAL_Driver/Src/stm32g4xx_hal_i2c_ex.o
LOAD ./Drivers/STM32G4xx_HAL_Driver/Src/stm32g4xx_hal_iwdg.o
LOAD ./Drivers/STM32G4xx_HAL_Driver/Src/stm32g4xx_hal_pcd.o
LOAD ./Drivers/STM32G4xx_HAL_Driver/Src/stm32g4xx_hal_pcd_ex.o
LOAD ./Drivers/STM32G4xx_HAL_Driver/Src/stm32g4xx_hal_pwr.o
LOAD ./Drivers/STM32G4xx_HAL_Driver/Src/stm32g4xx_hal_pwr_ex.o
LOAD ./Drivers/STM32G4xx_HAL_Driver/Src/stm32g4xx_hal_rcc.o
LOAD ./Drivers/STM32G4xx_HAL_Driver/Src/stm32g4xx_hal_rcc_ex.o
LOAD ./Drivers/STM32G4xx_HAL_Driver/Src/stm32g4xx_hal_tim.o
LOAD ./Drivers/STM32G4xx_HAL_Driver/Src/stm32g4xx_hal_tim_ex.o
LOAD ./Drivers/STM32G4xx_HAL_Driver/Src/stm32g4xx_hal_uart.o
LOAD ./Drivers/STM32G4xx_HAL_Driver/Src/stm32g4xx_hal_uart_ex.o
LOAD ./Drivers/STM32G4xx_HAL_Driver/Src/stm32g4xx_ll_adc.o
LOAD ./Drivers/STM32G4xx_HAL_Driver/Src/stm32g4xx_ll_usb.o
START GROUP
LOAD C:/ST/STM32CubeIDE_2.1.0/STM32CubeIDE/plugins/com.st.stm32cube.ide.mcu.externaltools.gnu-tools-for-stm32.14.3.rel1.win32_1.0.100.202602081740/tools/bin/../lib/gcc/arm-none-eabi/14.3.1/../../../../arm-none-eabi/lib/thumb/v7e-m+fp/hard\libc_nano.a
LOAD C:/ST/STM32CubeIDE_2.1.0/STM32CubeIDE/plugins/com.st.stm32cube.ide.mcu.externaltools.gnu-tools-for-stm32.14.3.rel1.win32_1.0.100.202602081740/tools/bin/../lib/gcc/arm-none-eabi/14.3.1/../../../../arm-none-eabi/lib/thumb/v7e-m+fp/hard\libm.a
END GROUP
START GROUP
LOAD C:/ST/STM32CubeIDE_2.1.0/STM32CubeIDE/plugins/com.st.stm32cube.ide.mcu.externaltools.gnu-tools-for-stm32.14.3.rel1.win32_1.0.100.202602081740/tools/bin/../lib/gcc/arm-none-eabi/14.3.1/thumb/v7e-m+fp/hard\libgcc.a
LOAD C:/ST/STM32CubeIDE_2.1.0/STM32CubeIDE/plugins/com.st.stm32cube.ide.mcu.externaltools.gnu-tools-for-stm32.14.3.rel1.win32_1.0.100.202602081740/tools/bin/../lib/gcc/arm-none-eabi/14.3.1/../../../../arm-none-eabi/lib/thumb/v7e-m+fp/hard\libc_nano.a
END GROUP
START GROUP
LOAD C:/ST/STM32CubeIDE_2.1.0/STM32CubeIDE/plugins/com.st.stm32cube.ide.mcu.externaltools.gnu-tools-for-stm32.14.3.rel1.win32_1.0.100.202602081740/tools/bin/../lib/gcc/arm-none-eabi/14.3.1/thumb/v7e-m+fp/hard\libgcc.a
LOAD C:/ST/STM32CubeIDE_2.1.0/STM32CubeIDE/plugins/com.st.stm32cube.ide.mcu.externaltools.gnu-tools-for-stm32.14.3.rel1.win32_1.0.100.202602081740/tools/bin/../lib/gcc/arm-none-eabi/14.3.1/../../../../arm-none-eabi/lib/thumb/v7e-m+fp/hard\libc_nano.a
LOAD C:/ST/STM32CubeIDE_2.1.0/STM32CubeIDE/plugins/com.st.stm32cube.ide.mcu.externaltools.gnu-tools-for-stm32.14.3.rel1.win32_1.0.100.202602081740/tools/bin/../lib/gcc/arm-none-eabi/14.3.1/../../../../arm-none-eabi/lib/thumb/v7e-m+fp/hard\libnosys.a
END GROUP
START GROUP
LOAD C:/ST/STM32CubeIDE_2.1.0/STM32CubeIDE/plugins/com.st.stm32cube.ide.mcu.externaltools.gnu-tools-for-stm32.14.3.rel1.win32_1.0.100.202602081740/tools/bin/../lib/gcc/arm-none-eabi/14.3.1/thumb/v7e-m+fp/hard\libgcc.a
LOAD C:/ST/STM32CubeIDE_2.1.0/STM32CubeIDE/plugins/com.st.stm32cube.ide.mcu.externaltools.gnu-tools-for-stm32.14.3.rel1.win32_1.0.100.202602081740/tools/bin/../lib/gcc/arm-none-eabi/14.3.1/../../../../arm-none-eabi/lib/thumb/v7e-m+fp/hard\libc_nano.a
LOAD C:/ST/STM32CubeIDE_2.1.0/STM32CubeIDE/plugins/com.st.stm32cube.ide.mcu.externaltools.gnu-tools-for-stm32.14.3.rel1.win32_1.0.100.202602081740/tools/bin/../lib/gcc/arm-none-eabi/14.3.1/../../../../arm-none-eabi/lib/thumb/v7e-m+fp/hard\libnosys.a
END GROUP
LOAD C:/ST/STM32CubeIDE_2.1.0/STM32CubeIDE/plugins/com.st.stm32cube.ide.mcu.externaltools.gnu-tools-for-stm32.14.3.rel1.win32_1.0.100.202602081740/tools/bin/../lib/gcc/arm-none-eabi/14.3.1/thumb/v7e-m+fp/hard/crtend.o
LOAD C:/ST/STM32CubeIDE_2.1.0/STM32CubeIDE/plugins/com.st.stm32cube.ide.mcu.externaltools.gnu-tools-for-stm32.14.3.rel1.win32_1.0.100.202602081740/tools/bin/../lib/gcc/arm-none-eabi/14.3.1/thumb/v7e-m+fp/hard/crtn.o
                0x20020000                        _estack = (ORIGIN (RAM) + LENGTH (RAM))
                0x00000200                        _Min_Heap_Size = 0x200
                0x00000400                        _Min_Stack_Size = 0x400

.isr_vector     0x08000000      0x1d8
                0x08000000                        . = ALIGN (0x4)
 *(.isr_vector)
 .isr_vector    0x08000000      0x1d8 ./Core/Startup/startup_stm32g474vetx.o
                0x08000000                g_pfnVectors
                0x080001d8                        . = ALIGN (0x4)

.text           0x080001e0     0xc1f8
                0x080001e0                        . = ALIGN (0x4)
 *(.text)
 .text          0x080001e0       0x40 C:/ST/STM32CubeIDE_2.1.0/STM32CubeIDE/plugins/com.st.stm32cube.ide.mcu.externaltools.gnu-tools-for-stm32.14.3.rel1.win32_1.0.100.202602081740/tools/bin/../lib/gcc/arm-none-eabi/14.3.1/thumb/v7e-m+fp/hard/crtbegin.o
 .text          0x08000220       0xa0 C:/ST/STM32CubeIDE_2.1.0/STM32CubeIDE/plugins/com.st.stm32cube.ide.mcu.externaltools.gnu-tools-for-stm32.14.3.rel1.win32_1.0.100.202602081740/tools/bin/../lib/gcc/arm-none-eabi/14.3.1/../../../../arm-none-eabi/lib/thumb/v7e-m+fp/hard\libc_nano.a(libc_a-memchr.o)
                0x08000220                memchr
 .text          0x080002c0       0x30 C:/ST/STM32CubeIDE_2.1.0/STM32CubeIDE/plugins/com.st.stm32cube.ide.mcu.externaltools.gnu-tools-for-stm32.14.3.rel1.win32_1.0.100.202602081740/tools/bin/../lib/gcc/arm-none-eabi/14.3.1/thumb/v7e-m+fp/hard\libgcc.a(_aeabi_uldivmod.o)
                0x080002c0                __aeabi_uldivmod
 .text          0x080002f0      0x2f8 C:/ST/STM32CubeIDE_2.1.0/STM32CubeIDE/plugins/com.st.stm32cube.ide.mcu.externaltools.gnu-tools-for-stm32.14.3.rel1.win32_1.0.100.202602081740/tools/bin/../lib/gcc/arm-none-eabi/14.3.1/thumb/v7e-m+fp/hard\libgcc.a(_udivmoddi4.o)
                0x080002f0                __udivmoddi4
 .text          0x080005e8        0x4 C:/ST/STM32CubeIDE_2.1.0/STM32CubeIDE/plugins/com.st.stm32cube.ide.mcu.externaltools.gnu-tools-for-stm32.14.3.rel1.win32_1.0.100.202602081740/tools/bin/../lib/gcc/arm-none-eabi/14.3.1/thumb/v7e-m+fp/hard\libgcc.a(_dvmd_tls.o)
                0x080005e8                __aeabi_idiv0
                0x080005e8                __aeabi_ldiv0
 *(.text*)
 .text.main     0x080005ec       0x5e ./Core/Src/main.o
                0x080005ec                main
 .text.SystemClock_Config
                0x0800064a       0xa0 ./Core/Src/main.o
                0x0800064a                SystemClock_Config
 *fill*         0x080006ea        0x2 
 .text.MX_ADC1_Init
                0x080006ec       0xf0 ./Core/Src/main.o
 .text.MX_ADC2_Init
                0x080007dc       0xcc ./Core/Src/main.o
 .text.MX_ADC3_Init
                0x080008a8       0xf0 ./Core/Src/main.o
 .text.MX_ADC4_Init
                0x08000998       0xcc ./Core/Src/main.o
 .text.MX_ADC5_Init
                0x08000a64       0xcc ./Core/Src/main.o
 .text.MX_CORDIC_Init
                0x08000b30       0x28 ./Core/Src/main.o
 .text.MX_CRC_Init
                0x08000b58       0x44 ./Core/Src/main.o
 .text.MX_I2C1_Init
                0x08000b9c       0x80 ./Core/Src/main.o
 .text.MX_I2C3_Init
                0x08000c1c       0x80 ./Core/Src/main.o
 .text.MX_IWDG_Init
                0x08000c9c       0x3c ./Core/Src/main.o
 .text.MX_TIM1_Init
                0x08000cd8      0x1c0 ./Core/Src/main.o
 .text.MX_UART4_Init
                0x08000e98       0x98 ./Core/Src/main.o
 .text.MX_USART2_UART_Init
                0x08000f30       0x98 ./Core/Src/main.o
 .text.MX_USB_PCD_Init
                0x08000fc8       0x50 ./Core/Src/main.o
 .text.MX_DMA_Init
                0x08001018       0x54 ./Core/Src/main.o
 .text.MX_GPIO_Init
                0x0800106c      0x1b8 ./Core/Src/main.o
 .text.MX_TIM6_Init
                0x08001224       0x7c ./Core/Src/main.o
 .text.MX_FDCAN1_Init
                0x080012a0       0xfc ./Core/Src/main.o
 .text.Error_Handler
                0x0800139c        0xc ./Core/Src/main.o
                0x0800139c                Error_Handler
 .text.DWT_Init
                0x080013a8       0x34 ./Core/Src/motor_driver_v2.o
                0x080013a8                DWT_Init
 .text.DWT_Delay_us
                0x080013dc       0x38 ./Core/Src/motor_driver_v2.o
                0x080013dc                DWT_Delay_us
 .text.IWDG_Feed
                0x08001414       0x14 ./Core/Src/motor_driver_v2.o
                0x08001414                IWDG_Feed
 .text.ADC_Read
                0x08001428       0x2e ./Core/Src/motor_driver_v2.o
 *fill*         0x08001456        0x2 
 .text.ADC_ToVolt
                0x08001458       0x38 ./Core/Src/motor_driver_v2.o
 .text.INA241_Curr
                0x08001490       0x58 ./Core/Src/motor_driver_v2.o
 .text.ADC5_ReadBoth
                0x080014e8       0x74 ./Core/Src/motor_driver_v2.o
 .text.PWM_SetA
                0x0800155c       0x24 ./Core/Src/motor_driver_v2.o
                0x0800155c                PWM_SetA
 .text.PWM_SetB
                0x08001580       0x24 ./Core/Src/motor_driver_v2.o
                0x08001580                PWM_SetB
 .text.PWM_SetC
                0x080015a4       0x24 ./Core/Src/motor_driver_v2.o
                0x080015a4                PWM_SetC
 .text.PWM_AllOff
                0x080015c8       0x1a ./Core/Src/motor_driver_v2.o
                0x080015c8                PWM_AllOff
 *fill*         0x080015e2        0x2 
 .text.deadtime
                0x080015e4       0x1c ./Core/Src/motor_driver_v2.o
                0x080015e4                deadtime
 .text.Buzzer_Beep
                0x08001600       0x34 ./Core/Src/motor_driver_v2.o
                0x08001600                Buzzer_Beep
 .text.readHall
                0x08001634       0x58 ./Core/Src/motor_driver_v2.o
 .text.commutate_forward
                0x0800168c       0xe4 ./Core/Src/motor_driver_v2.o
 .text.commutate_reverse
                0x08001770       0xd8 ./Core/Src/motor_driver_v2.o
 .text.ExtInt   0x08001848      0x124 ./Core/Src/motor_driver_v2.o
                0x08001848                ExtInt
 .text.adcRead  0x0800196c      0x368 ./Core/Src/motor_driver_v2.o
                0x0800196c                adcRead
 .text.menu     0x08001cd4      0x17c ./Core/Src/motor_driver_v2.o
                0x08001cd4                menu
 .text.TIM6_1kHz_Callback
                0x08001e50      0x258 ./Core/Src/motor_driver_v2.o
                0x08001e50                TIM6_1kHz_Callback
 .text.Motor_Init
                0x080020a8      0x110 ./Core/Src/motor_driver_v2.o
                0x080020a8                Motor_Init
 .text.Motor_Loop
                0x080021b8      0x308 ./Core/Src/motor_driver_v2.o
                0x080021b8                Motor_Loop
 .text.Software_CRC16
                0x080024c0       0x7c ./Core/Src/safety_telemetry.o
 .text.Calc_CRC16
                0x0800253c       0x20 ./Core/Src/safety_telemetry.o
                0x0800253c                Calc_CRC16
 .text.BlackBox_Log
                0x0800255c      0x25c ./Core/Src/safety_telemetry.o
                0x0800255c                BlackBox_Log
 .text.BlackBox_Flush
                0x080027b8       0xd0 ./Core/Src/safety_telemetry.o
                0x080027b8                BlackBox_Flush
 .text.Telemetry_SendUART
                0x08002888      0x24c ./Core/Src/safety_telemetry.o
                0x08002888                Telemetry_SendUART
 .text.Telemetry_SendCAN
                0x08002ad4      0x374 ./Core/Src/safety_telemetry.o
                0x08002ad4                Telemetry_SendCAN
 .text.SW_Watchdog_Feed
                0x08002e48       0x20 ./Core/Src/safety_telemetry.o
                0x08002e48                SW_Watchdog_Feed
 .text.SW_Watchdog_Check
                0x08002e68       0x40 ./Core/Src/safety_telemetry.o
                0x08002e68                SW_Watchdog_Check
 .text.Safety_SetState
                0x08002ea8       0xd8 ./Core/Src/safety_telemetry.o
                0x08002ea8                Safety_SetState
 .text.Safety_RecoveryCheck
                0x08002f80      0x288 ./Core/Src/safety_telemetry.o
 .text.Safety_GetMaxPWM
                0x08003208       0x8c ./Core/Src/safety_telemetry.o
                0x08003208                Safety_GetMaxPWM
 .text.Safety_Check
                0x08003294      0x248 ./Core/Src/safety_telemetry.o
                0x08003294                Safety_Check
 .text.Safety_ADCUpdated
                0x080034dc       0x18 ./Core/Src/safety_telemetry.o
                0x080034dc                Safety_ADCUpdated
 .text.Safety_Init
                0x080034f4       0x80 ./Core/Src/safety_telemetry.o
                0x080034f4                Safety_Init
 .text.HAL_MspInit
                0x08003574       0x48 ./Core/Src/stm32g4xx_hal_msp.o
                0x08003574                HAL_MspInit
 .text.HAL_ADC_MspInit
                0x080035bc      0x318 ./Core/Src/stm32g4xx_hal_msp.o
                0x080035bc                HAL_ADC_MspInit
 .text.HAL_CORDIC_MspInit
                0x080038d4       0xa8 ./Core/Src/stm32g4xx_hal_msp.o
                0x080038d4                HAL_CORDIC_MspInit
 .text.HAL_CRC_MspInit
                0x0800397c       0x40 ./Core/Src/stm32g4xx_hal_msp.o
                0x0800397c                HAL_CRC_MspInit
 .text.HAL_I2C_MspInit
                0x080039bc      0x180 ./Core/Src/stm32g4xx_hal_msp.o
                0x080039bc                HAL_I2C_MspInit
 .text.HAL_TIM_Base_MspInit
                0x08003b3c       0x68 ./Core/Src/stm32g4xx_hal_msp.o
                0x08003b3c                HAL_TIM_Base_MspInit
 .text.HAL_TIM_MspPostInit
                0x08003ba4       0x70 ./Core/Src/stm32g4xx_hal_msp.o
                0x08003ba4                HAL_TIM_MspPostInit
 .text.HAL_UART_MspInit
                0x08003c14      0x130 ./Core/Src/stm32g4xx_hal_msp.o
                0x08003c14                HAL_UART_MspInit
 .text.HAL_PCD_MspInit
                0x08003d44       0x68 ./Core/Src/stm32g4xx_hal_msp.o
                0x08003d44                HAL_PCD_MspInit
 .text.HAL_FDCAN_MspInit
                0x08003dac       0xa8 ./Core/Src/stm32g4xx_hal_msp.o
                0x08003dac                HAL_FDCAN_MspInit
 .text.NMI_Handler
                0x08003e54        0x8 ./Core/Src/stm32g4xx_it.o
                0x08003e54                NMI_Handler
 .text.HardFault_Handler
                0x08003e5c        0x8 ./Core/Src/stm32g4xx_it.o
                0x08003e5c                HardFault_Handler
 .text.MemManage_Handler
                0x08003e64        0x8 ./Core/Src/stm32g4xx_it.o
                0x08003e64                MemManage_Handler
 .text.BusFault_Handler
                0x08003e6c        0x8 ./Core/Src/stm32g4xx_it.o
                0x08003e6c                BusFault_Handler
 .text.UsageFault_Handler
                0x08003e74        0x8 ./Core/Src/stm32g4xx_it.o
                0x08003e74                UsageFault_Handler
 .text.SVC_Handler
                0x08003e7c        0xe ./Core/Src/stm32g4xx_it.o
                0x08003e7c                SVC_Handler
 .text.DebugMon_Handler
                0x08003e8a        0xe ./Core/Src/stm32g4xx_it.o
                0x08003e8a                DebugMon_Handler
 .text.PendSV_Handler
                0x08003e98        0xe ./Core/Src/stm32g4xx_it.o
                0x08003e98                PendSV_Handler
 .text.SysTick_Handler
                0x08003ea6        0xc ./Core/Src/stm32g4xx_it.o
                0x08003ea6                SysTick_Handler
 *fill*         0x08003eb2        0x2 
 .text.DMA1_Channel1_IRQHandler
                0x08003eb4       0x14 ./Core/Src/stm32g4xx_it.o
                0x08003eb4                DMA1_Channel1_IRQHandler
 .text.CORDIC_IRQHandler
                0x08003ec8       0x14 ./Core/Src/stm32g4xx_it.o
                0x08003ec8                CORDIC_IRQHandler
 .text.TIM6_DAC_IRQHandler
                0x08003edc       0x14 ./Core/Src/stm32g4xx_it.o
                0x08003edc                TIM6_DAC_IRQHandler
 .text.EXTI9_5_IRQHandler
                0x08003ef0       0x10 ./Core/Src/stm32g4xx_it.o
                0x08003ef0                EXTI9_5_IRQHandler
 .text.EXTI15_10_IRQHandler
                0x08003f00       0x20 ./Core/Src/stm32g4xx_it.o
                0x08003f00                EXTI15_10_IRQHandler
 .text.HAL_TIM_PeriodElapsedCallback
                0x08003f20       0x24 ./Core/Src/stm32g4xx_it.o
                0x08003f20                HAL_TIM_PeriodElapsedCallback
 .text.HAL_GPIO_EXTI_Callback
                0x08003f44       0x40 ./Core/Src/stm32g4xx_it.o
                0x08003f44                HAL_GPIO_EXTI_Callback
 .text.FDCAN1_IT0_IRQHandler
                0x08003f84       0x14 ./Core/Src/stm32g4xx_it.o
                0x08003f84                FDCAN1_IT0_IRQHandler
 .text.FDCAN1_IT1_IRQHandler
                0x08003f98       0x14 ./Core/Src/stm32g4xx_it.o
                0x08003f98                FDCAN1_IT1_IRQHandler
 .text._sbrk    0x08003fac       0x6c ./Core/Src/sysmem.o
                0x08003fac                _sbrk
 .text.SystemInit
                0x08004018       0x24 ./Core/Src/system_stm32g4xx.o
                0x08004018                SystemInit
 .text.Reset_Handler
                0x0800403c       0x50 ./Core/Startup/startup_stm32g474vetx.o
                0x0800403c                Reset_Handler
 .text.Default_Handler
                0x0800408c        0x2 ./Core/Startup/startup_stm32g474vetx.o
                0x0800408c                RTC_Alarm_IRQHandler
                0x0800408c                EXTI2_IRQHandler
                0x0800408c                TIM8_TRG_COM_IRQHandler
                0x0800408c                TIM8_CC_IRQHandler
                0x0800408c                HRTIM1_Master_IRQHandler
                0x0800408c                SPI4_IRQHandler
                0x0800408c                FDCAN3_IT0_IRQHandler
                0x0800408c                TIM1_CC_IRQHandler
                0x0800408c                HRTIM1_FLT_IRQHandler
                0x0800408c                HRTIM1_TIMF_IRQHandler
                0x0800408c                USB_HP_IRQHandler
                0x0800408c                HRTIM1_TIMD_IRQHandler
                0x0800408c                DMA2_Channel8_IRQHandler
                0x0800408c                EXTI3_IRQHandler
                0x0800408c                I2C3_ER_IRQHandler
                0x0800408c                EXTI0_IRQHandler
                0x0800408c                I2C2_EV_IRQHandler
                0x0800408c                FPU_IRQHandler
                0x0800408c                TIM1_UP_TIM16_IRQHandler
                0x0800408c                ADC1_2_IRQHandler
                0x0800408c                HRTIM1_TIME_IRQHandler
                0x0800408c                SPI1_IRQHandler
                0x0800408c                HRTIM1_TIMC_IRQHandler
                0x0800408c                TIM8_UP_IRQHandler
                0x0800408c                DMA2_Channel2_IRQHandler
                0x0800408c                DMA1_Channel4_IRQHandler
                0x0800408c                TIM20_TRG_COM_IRQHandler
                0x0800408c                USART3_IRQHandler
                0x0800408c                DMA1_Channel7_IRQHandler
                0x0800408c                UART5_IRQHandler
                0x0800408c                ADC3_IRQHandler
                0x0800408c                TIM4_IRQHandler
                0x0800408c                DMA2_Channel1_IRQHandler
                0x0800408c                QUADSPI_IRQHandler
                0x0800408c                I2C1_EV_IRQHandler
                0x0800408c                DMA1_Channel6_IRQHandler
                0x0800408c                UART4_IRQHandler
                0x0800408c                DMA2_Channel4_IRQHandler
                0x0800408c                TIM3_IRQHandler
                0x0800408c                RCC_IRQHandler
                0x0800408c                TIM20_UP_IRQHandler
                0x0800408c                Default_Handler
                0x0800408c                DMA2_Channel7_IRQHandler
                0x0800408c                RTC_TAMP_LSECSS_IRQHandler
                0x0800408c                FMAC_IRQHandler
                0x0800408c                DMA1_Channel8_IRQHandler
                0x0800408c                HRTIM1_TIMA_IRQHandler
                0x0800408c                TIM7_DAC_IRQHandler
                0x0800408c                FDCAN3_IT1_IRQHandler
                0x0800408c                TIM5_IRQHandler
                0x0800408c                UCPD1_IRQHandler
                0x0800408c                I2C3_EV_IRQHandler
                0x0800408c                RTC_WKUP_IRQHandler
                0x0800408c                PVD_PVM_IRQHandler
                0x0800408c                SPI2_IRQHandler
                0x0800408c                ADC5_IRQHandler
                0x0800408c                DMA2_Channel5_IRQHandler
                0x0800408c                CRS_IRQHandler
                0x0800408c                DMA1_Channel5_IRQHandler
                0x0800408c                USB_LP_IRQHandler
                0x0800408c                EXTI4_IRQHandler
                0x0800408c                RNG_IRQHandler
                0x0800408c                HRTIM1_TIMB_IRQHandler
                0x0800408c                TIM1_TRG_COM_TIM17_IRQHandler
                0x0800408c                FDCAN2_IT1_IRQHandler
                0x0800408c                DMA1_Channel3_IRQHandler
                0x0800408c                ADC4_IRQHandler
                0x0800408c                WWDG_IRQHandler
                0x0800408c                I2C4_EV_IRQHandler
                0x0800408c                FDCAN2_IT0_IRQHandler
                0x0800408c                LPUART1_IRQHandler
                0x0800408c                DMA2_Channel6_IRQHandler
                0x0800408c                TIM2_IRQHandler
                0x0800408c                COMP7_IRQHandler
                0x0800408c                COMP1_2_3_IRQHandler
                0x0800408c                EXTI1_IRQHandler
                0x0800408c                USART2_IRQHandler
                0x0800408c                COMP4_5_6_IRQHandler
                0x0800408c                TIM20_BRK_IRQHandler
                0x0800408c                I2C2_ER_IRQHandler
                0x0800408c                DMA1_Channel2_IRQHandler
                0x0800408c                TIM8_BRK_IRQHandler
                0x0800408c                FLASH_IRQHandler
                0x0800408c                TIM20_CC_IRQHandler
                0x0800408c                USART1_IRQHandler
                0x0800408c                SPI3_IRQHandler
                0x0800408c                I2C1_ER_IRQHandler
                0x0800408c                FMC_IRQHandler
                0x0800408c                LPTIM1_IRQHandler
                0x0800408c                DMAMUX_OVR_IRQHandler
                0x0800408c                I2C4_ER_IRQHandler
                0x0800408c                USBWakeUp_IRQHandler
                0x0800408c                SAI1_IRQHandler
                0x0800408c                DMA2_Channel3_IRQHandler
                0x0800408c                TIM1_BRK_TIM15_IRQHandler
 .text.HAL_Init
                0x0800408e       0x30 ./Drivers/STM32G4xx_HAL_Driver/Src/stm32g4xx_hal.o
                0x0800408e                HAL_Init
 *fill*         0x080040be        0x2 
 .text.HAL_InitTick
                0x080040c0       0x74 ./Drivers/STM32G4xx_HAL_Driver/Src/stm32g4xx_hal.o
                0x080040c0                HAL_InitTick
 .text.HAL_IncTick
                0x08004134       0x24 ./Drivers/STM32G4xx_HAL_Driver/Src/stm32g4xx_hal.o
                0x08004134                HAL_IncTick
 .text.HAL_GetTick
                0x08004158       0x18 ./Drivers/STM32G4xx_HAL_Driver/Src/stm32g4xx_hal.o
                0x08004158                HAL_GetTick
 .text.HAL_Delay
                0x08004170       0x44 ./Drivers/STM32G4xx_HAL_Driver/Src/stm32g4xx_hal.o
                0x08004170                HAL_Delay
 .text.LL_ADC_SetCommonClock
                0x080041b4       0x26 ./Drivers/STM32G4xx_HAL_Driver/Src/stm32g4xx_hal_adc.o
 .text.LL_ADC_SetCommonPathInternalCh
                0x080041da       0x26 ./Drivers/STM32G4xx_HAL_Driver/Src/stm32g4xx_hal_adc.o
 .text.LL_ADC_GetCommonPathInternalCh
                0x08004200       0x1c ./Drivers/STM32G4xx_HAL_Driver/Src/stm32g4xx_hal_adc.o
 .text.LL_ADC_SetOffset
                0x0800421c       0x48 ./Drivers/STM32G4xx_HAL_Driver/Src/stm32g4xx_hal_adc.o
 .text.LL_ADC_GetOffsetChannel
                0x08004264       0x2c ./Drivers/STM32G4xx_HAL_Driver/Src/stm32g4xx_hal_adc.o
 .text.LL_ADC_SetOffsetState
                0x08004290       0x36 ./Drivers/STM32G4xx_HAL_Driver/Src/stm32g4xx_hal_adc.o
 .text.LL_ADC_SetOffsetSign
                0x080042c6       0x36 ./Drivers/STM32G4xx_HAL_Driver/Src/stm32g4xx_hal_adc.o
 .text.LL_ADC_SetOffsetSaturation
                0x080042fc       0x36 ./Drivers/STM32G4xx_HAL_Driver/Src/stm32g4xx_hal_adc.o
 .text.LL_ADC_SetSamplingTimeCommonConfig
                0x08004332       0x26 ./Drivers/STM32G4xx_HAL_Driver/Src/stm32g4xx_hal_adc.o
 .text.LL_ADC_REG_IsTriggerSourceSWStart
                0x08004358       0x26 ./Drivers/STM32G4xx_HAL_Driver/Src/stm32g4xx_hal_adc.o
 .text.LL_ADC_REG_SetSequencerRanks
                0x0800437e       0x58 ./Drivers/STM32G4xx_HAL_Driver/Src/stm32g4xx_hal_adc.o
 .text.LL_ADC_SetChannelSamplingTime
                0x080043d6       0x56 ./Drivers/STM32G4xx_HAL_Driver/Src/stm32g4xx_hal_adc.o
 .text.LL_ADC_SetChannelSingleDiff
                0x0800442c       0x48 ./Drivers/STM32G4xx_HAL_Driver/Src/stm32g4xx_hal_adc.o
 .text.LL_ADC_GetMultimode
                0x08004474       0x1c ./Drivers/STM32G4xx_HAL_Driver/Src/stm32g4xx_hal_adc.o
 .text.LL_ADC_GetMultiDMATransfer
                0x08004490       0x1c ./Drivers/STM32G4xx_HAL_Driver/Src/stm32g4xx_hal_adc.o
 .text.LL_ADC_DisableDeepPowerDown
                0x080044ac       0x24 ./Drivers/STM32G4xx_HAL_Driver/Src/stm32g4xx_hal_adc.o
 .text.LL_ADC_IsDeepPowerDownEnabled
                0x080044d0       0x28 ./Drivers/STM32G4xx_HAL_Driver/Src/stm32g4xx_hal_adc.o
 .text.LL_ADC_EnableInternalRegulator
                0x080044f8       0x28 ./Drivers/STM32G4xx_HAL_Driver/Src/stm32g4xx_hal_adc.o
 .text.LL_ADC_IsInternalRegulatorEnabled
                0x08004520       0x28 ./Drivers/STM32G4xx_HAL_Driver/Src/stm32g4xx_hal_adc.o
 .text.LL_ADC_Enable
                0x08004548       0x28 ./Drivers/STM32G4xx_HAL_Driver/Src/stm32g4xx_hal_adc.o
 .text.LL_ADC_Disable
                0x08004570       0x28 ./Drivers/STM32G4xx_HAL_Driver/Src/stm32g4xx_hal_adc.o
 .text.LL_ADC_IsEnabled
                0x08004598       0x26 ./Drivers/STM32G4xx_HAL_Driver/Src/stm32g4xx_hal_adc.o
 .text.LL_ADC_IsDisableOngoing
                0x080045be       0x26 ./Drivers/STM32G4xx_HAL_Driver/Src/stm32g4xx_hal_adc.o
 .text.LL_ADC_REG_StartConversion
                0x080045e4       0x28 ./Drivers/STM32G4xx_HAL_Driver/Src/stm32g4xx_hal_adc.o
 .text.LL_ADC_REG_StopConversion
                0x0800460c       0x28 ./Drivers/STM32G4xx_HAL_Driver/Src/stm32g4xx_hal_adc.o
 .text.LL_ADC_REG_IsConversionOngoing
                0x08004634       0x26 ./Drivers/STM32G4xx_HAL_Driver/Src/stm32g4xx_hal_adc.o
 .text.LL_ADC_INJ_StopConversion
                0x0800465a       0x28 ./Drivers/STM32G4xx_HAL_Driver/Src/stm32g4xx_hal_adc.o
 .text.LL_ADC_INJ_IsConversionOngoing
                0x08004682       0x26 ./Drivers/STM32G4xx_HAL_Driver/Src/stm32g4xx_hal_adc.o
 .text.HAL_ADC_Init
                0x080046a8      0x378 ./Drivers/STM32G4xx_HAL_Driver/Src/stm32g4xx_hal_adc.o
                0x080046a8                HAL_ADC_Init
 .text.HAL_ADC_Start
                0x08004a20      0x1c8 ./Drivers/STM32G4xx_HAL_Driver/Src/stm32g4xx_hal_adc.o
                0x08004a20                HAL_ADC_Start
 .text.HAL_ADC_Stop
                0x08004be8       0x66 ./Drivers/STM32G4xx_HAL_Driver/Src/stm32g4xx_hal_adc.o
                0x08004be8                HAL_ADC_Stop
 *fill*         0x08004c4e        0x2 
 .text.HAL_ADC_PollForConversion
                0x08004c50      0x20c ./Drivers/STM32G4xx_HAL_Driver/Src/stm32g4xx_hal_adc.o
                0x08004c50                HAL_ADC_PollForConversion
 .text.HAL_ADC_GetValue
                0x08004e5c       0x1a ./Drivers/STM32G4xx_HAL_Driver/Src/stm32g4xx_hal_adc.o
                0x08004e5c                HAL_ADC_GetValue
 *fill*         0x08004e76        0x2 
 .text.HAL_ADC_ConfigChannel
                0x08004e78      0x880 ./Drivers/STM32G4xx_HAL_Driver/Src/stm32g4xx_hal_adc.o
                0x08004e78                HAL_ADC_ConfigChannel
 .text.ADC_ConversionStop
                0x080056f8      0x178 ./Drivers/STM32G4xx_HAL_Driver/Src/stm32g4xx_hal_adc.o
                0x080056f8                ADC_ConversionStop
 .text.ADC_Enable
                0x08005870      0x12c ./Drivers/STM32G4xx_HAL_Driver/Src/stm32g4xx_hal_adc.o
                0x08005870                ADC_Enable
 .text.ADC_Disable
                0x0800599c       0xbe ./Drivers/STM32G4xx_HAL_Driver/Src/stm32g4xx_hal_adc.o
                0x0800599c                ADC_Disable
 .text.LL_ADC_IsEnabled
                0x08005a5a       0x26 ./Drivers/STM32G4xx_HAL_Driver/Src/stm32g4xx_hal_adc_ex.o
 .text.LL_ADC_REG_IsConversionOngoing
                0x08005a80       0x26 ./Drivers/STM32G4xx_HAL_Driver/Src/stm32g4xx_hal_adc_ex.o
 *fill*         0x08005aa6        0x2 
 .text.HAL_ADCEx_MultiModeConfigChannel
                0x08005aa8      0x210 ./Drivers/STM32G4xx_HAL_Driver/Src/stm32g4xx_hal_adc_ex.o
                0x08005aa8                HAL_ADCEx_MultiModeConfigChannel
 .text.HAL_CORDIC_Init
                0x08005cb8       0x62 ./Drivers/STM32G4xx_HAL_Driver/Src/stm32g4xx_hal_cordic.o
                0x08005cb8                HAL_CORDIC_Init
 .text.HAL_CORDIC_CalculateCpltCallback
                0x08005d1a       0x14 ./Drivers/STM32G4xx_HAL_Driver/Src/stm32g4xx_hal_cordic.o
                0x08005d1a                HAL_CORDIC_CalculateCpltCallback
 .text.HAL_CORDIC_IRQHandler
                0x08005d2e       0x92 ./Drivers/STM32G4xx_HAL_Driver/Src/stm32g4xx_hal_cordic.o
                0x08005d2e                HAL_CORDIC_IRQHandler
 .text.CORDIC_WriteInDataIncrementPtr
                0x08005dc0       0x52 ./Drivers/STM32G4xx_HAL_Driver/Src/stm32g4xx_hal_cordic.o
 .text.CORDIC_ReadOutDataIncrementPtr
                0x08005e12       0x52 ./Drivers/STM32G4xx_HAL_Driver/Src/stm32g4xx_hal_cordic.o
 .text.__NVIC_SetPriorityGrouping
                0x08005e64       0x48 ./Drivers/STM32G4xx_HAL_Driver/Src/stm32g4xx_hal_cortex.o
 .text.__NVIC_GetPriorityGrouping
                0x08005eac       0x1c ./Drivers/STM32G4xx_HAL_Driver/Src/stm32g4xx_hal_cortex.o
 .text.__NVIC_EnableIRQ
                0x08005ec8       0x3c ./Drivers/STM32G4xx_HAL_Driver/Src/stm32g4xx_hal_cortex.o
 .text.__NVIC_SetPriority
                0x08005f04       0x54 ./Drivers/STM32G4xx_HAL_Driver/Src/stm32g4xx_hal_cortex.o
 .text.NVIC_EncodePriority
                0x08005f58       0x66 ./Drivers/STM32G4xx_HAL_Driver/Src/stm32g4xx_hal_cortex.o
 *fill*         0x08005fbe        0x2 
 .text.SysTick_Config
                0x08005fc0       0x44 ./Drivers/STM32G4xx_HAL_Driver/Src/stm32g4xx_hal_cortex.o
 .text.HAL_NVIC_SetPriorityGrouping
                0x08006004       0x16 ./Drivers/STM32G4xx_HAL_Driver/Src/stm32g4xx_hal_cortex.o
                0x08006004                HAL_NVIC_SetPriorityGrouping
 .text.HAL_NVIC_SetPriority
                0x0800601a       0x34 ./Drivers/STM32G4xx_HAL_Driver/Src/stm32g4xx_hal_cortex.o
                0x0800601a                HAL_NVIC_SetPriority
 .text.HAL_NVIC_EnableIRQ
                0x0800604e       0x1c ./Drivers/STM32G4xx_HAL_Driver/Src/stm32g4xx_hal_cortex.o
                0x0800604e                HAL_NVIC_EnableIRQ
 .text.HAL_SYSTICK_Config
                0x0800606a       0x18 ./Drivers/STM32G4xx_HAL_Driver/Src/stm32g4xx_hal_cortex.o
                0x0800606a                HAL_SYSTICK_Config
 *fill*         0x08006082        0x2 
 .text.HAL_CRC_Init
                0x08006084       0xc8 ./Drivers/STM32G4xx_HAL_Driver/Src/stm32g4xx_hal_crc.o
                0x08006084                HAL_CRC_Init
 .text.HAL_CRCEx_Polynomial_Set
                0x0800614c      0x11c ./Drivers/STM32G4xx_HAL_Driver/Src/stm32g4xx_hal_crc_ex.o
                0x0800614c                HAL_CRCEx_Polynomial_Set
 .text.HAL_DMA_Init
                0x08006268      0x150 ./Drivers/STM32G4xx_HAL_Driver/Src/stm32g4xx_hal_dma.o
                0x08006268                HAL_DMA_Init
 .text.HAL_DMA_IRQHandler
                0x080063b8      0x15e ./Drivers/STM32G4xx_HAL_Driver/Src/stm32g4xx_hal_dma.o
                0x080063b8                HAL_DMA_IRQHandler
 *fill*         0x08006516        0x2 
 .text.DMA_CalcDMAMUXChannelBaseAndMask
                0x08006518       0x90 ./Drivers/STM32G4xx_HAL_Driver/Src/stm32g4xx_hal_dma.o
 .text.DMA_CalcDMAMUXRequestGenBaseAndMask
                0x080065a8       0x4c ./Drivers/STM32G4xx_HAL_Driver/Src/stm32g4xx_hal_dma.o
 .text.HAL_FDCAN_Init
                0x080065f4      0x2b4 ./Drivers/STM32G4xx_HAL_Driver/Src/stm32g4xx_hal_fdcan.o
                0x080065f4                HAL_FDCAN_Init
 .text.HAL_FDCAN_ConfigFilter
                0x080068a8       0xb4 ./Drivers/STM32G4xx_HAL_Driver/Src/stm32g4xx_hal_fdcan.o
                0x080068a8                HAL_FDCAN_ConfigFilter
 .text.HAL_FDCAN_ConfigGlobalFilter
                0x0800695c       0x62 ./Drivers/STM32G4xx_HAL_Driver/Src/stm32g4xx_hal_fdcan.o
                0x0800695c                HAL_FDCAN_ConfigGlobalFilter
 .text.HAL_FDCAN_Start
                0x080069be       0x50 ./Drivers/STM32G4xx_HAL_Driver/Src/stm32g4xx_hal_fdcan.o
                0x080069be                HAL_FDCAN_Start
 .text.HAL_FDCAN_AddMessageToTxFifoQ
                0x08006a0e       0x88 ./Drivers/STM32G4xx_HAL_Driver/Src/stm32g4xx_hal_fdcan.o
                0x08006a0e                HAL_FDCAN_AddMessageToTxFifoQ
 .text.HAL_FDCAN_ActivateNotification
                0x08006a96      0x1cc ./Drivers/STM32G4xx_HAL_Driver/Src/stm32g4xx_hal_fdcan.o
                0x08006a96                HAL_FDCAN_ActivateNotification
 .text.HAL_FDCAN_IRQHandler
                0x08006c62      0x266 ./Drivers/STM32G4xx_HAL_Driver/Src/stm32g4xx_hal_fdcan.o
                0x08006c62                HAL_FDCAN_IRQHandler
 .text.HAL_FDCAN_TxEventFifoCallback
                0x08006ec8       0x16 ./Drivers/STM32G4xx_HAL_Driver/Src/stm32g4xx_hal_fdcan.o
                0x08006ec8                HAL_FDCAN_TxEventFifoCallback
 .text.HAL_FDCAN_RxFifo0Callback
                0x08006ede       0x16 ./Drivers/STM32G4xx_HAL_Driver/Src/stm32g4xx_hal_fdcan.o
                0x08006ede                HAL_FDCAN_RxFifo0Callback
 .text.HAL_FDCAN_RxFifo1Callback
                0x08006ef4       0x16 ./Drivers/STM32G4xx_HAL_Driver/Src/stm32g4xx_hal_fdcan.o
                0x08006ef4                HAL_FDCAN_RxFifo1Callback
 .text.HAL_FDCAN_TxFifoEmptyCallback
                0x08006f0a       0x14 ./Drivers/STM32G4xx_HAL_Driver/Src/stm32g4xx_hal_fdcan.o
                0x08006f0a                HAL_FDCAN_TxFifoEmptyCallback
 .text.HAL_FDCAN_TxBufferCompleteCallback
                0x08006f1e       0x16 ./Drivers/STM32G4xx_HAL_Driver/Src/stm32g4xx_hal_fdcan.o
                0x08006f1e                HAL_FDCAN_TxBufferCompleteCallback
 .text.HAL_FDCAN_TxBufferAbortCallback
                0x08006f34       0x16 ./Drivers/STM32G4xx_HAL_Driver/Src/stm32g4xx_hal_fdcan.o
                0x08006f34                HAL_FDCAN_TxBufferAbortCallback
 .text.HAL_FDCAN_TimestampWraparoundCallback
                0x08006f4a       0x14 ./Drivers/STM32G4xx_HAL_Driver/Src/stm32g4xx_hal_fdcan.o
                0x08006f4a                HAL_FDCAN_TimestampWraparoundCallback
 .text.HAL_FDCAN_TimeoutOccurredCallback
                0x08006f5e       0x14 ./Drivers/STM32G4xx_HAL_Driver/Src/stm32g4xx_hal_fdcan.o
                0x08006f5e                HAL_FDCAN_TimeoutOccurredCallback
 .text.HAL_FDCAN_HighPriorityMessageCallback
                0x08006f72       0x14 ./Drivers/STM32G4xx_HAL_Driver/Src/stm32g4xx_hal_fdcan.o
                0x08006f72                HAL_FDCAN_HighPriorityMessageCallback
 .text.HAL_FDCAN_ErrorCallback
                0x08006f86       0x14 ./Drivers/STM32G4xx_HAL_Driver/Src/stm32g4xx_hal_fdcan.o
                0x08006f86                HAL_FDCAN_ErrorCallback
 .text.HAL_FDCAN_ErrorStatusCallback
                0x08006f9a       0x16 ./Drivers/STM32G4xx_HAL_Driver/Src/stm32g4xx_hal_fdcan.o
                0x08006f9a                HAL_FDCAN_ErrorStatusCallback
 .text.FDCAN_CalcultateRamBlockAddresses
                0x08006fb0       0xd8 ./Drivers/STM32G4xx_HAL_Driver/Src/stm32g4xx_hal_fdcan.o
 .text.FDCAN_CopyMessageToRAM
                0x08007088       0xf8 ./Drivers/STM32G4xx_HAL_Driver/Src/stm32g4xx_hal_fdcan.o
 .text.HAL_GPIO_Init
                0x08007180      0x318 ./Drivers/STM32G4xx_HAL_Driver/Src/stm32g4xx_hal_gpio.o
                0x08007180                HAL_GPIO_Init
 .text.HAL_GPIO_ReadPin
                0x08007498       0x30 ./Drivers/STM32G4xx_HAL_Driver/Src/stm32g4xx_hal_gpio.o
                0x08007498                HAL_GPIO_ReadPin
 .text.HAL_GPIO_WritePin
                0x080074c8       0x30 ./Drivers/STM32G4xx_HAL_Driver/Src/stm32g4xx_hal_gpio.o
                0x080074c8                HAL_GPIO_WritePin
 .text.HAL_GPIO_TogglePin
                0x080074f8       0x34 ./Drivers/STM32G4xx_HAL_Driver/Src/stm32g4xx_hal_gpio.o
                0x080074f8                HAL_GPIO_TogglePin
 .text.HAL_GPIO_EXTI_IRQHandler
                0x0800752c       0x30 ./Drivers/STM32G4xx_HAL_Driver/Src/stm32g4xx_hal_gpio.o
                0x0800752c                HAL_GPIO_EXTI_IRQHandler
 .text.HAL_I2C_Init
                0x0800755c      0x136 ./Drivers/STM32G4xx_HAL_Driver/Src/stm32g4xx_hal_i2c.o
                0x0800755c                HAL_I2C_Init
 .text.HAL_I2CEx_ConfigAnalogFilter
                0x08007692       0x96 ./Drivers/STM32G4xx_HAL_Driver/Src/stm32g4xx_hal_i2c_ex.o
                0x08007692                HAL_I2CEx_ConfigAnalogFilter
 .text.HAL_I2CEx_ConfigDigitalFilter
                0x08007728       0x98 ./Drivers/STM32G4xx_HAL_Driver/Src/stm32g4xx_hal_i2c_ex.o
                0x08007728                HAL_I2CEx_ConfigDigitalFilter
 .text.HAL_IWDG_Init
                0x080077c0       0xa2 ./Drivers/STM32G4xx_HAL_Driver/Src/stm32g4xx_hal_iwdg.o
                0x080077c0                HAL_IWDG_Init
 .text.HAL_IWDG_Refresh
                0x08007862       0x20 ./Drivers/STM32G4xx_HAL_Driver/Src/stm32g4xx_hal_iwdg.o
                0x08007862                HAL_IWDG_Refresh
 .text.HAL_PCD_Init
                0x08007882      0x19c ./Drivers/STM32G4xx_HAL_Driver/Src/stm32g4xx_hal_pcd.o
                0x08007882                HAL_PCD_Init
 .text.HAL_PCDEx_ActivateLPM
                0x08007a1e       0x54 ./Drivers/STM32G4xx_HAL_Driver/Src/stm32g4xx_hal_pcd_ex.o
                0x08007a1e                HAL_PCDEx_ActivateLPM
 *fill*         0x08007a72        0x2 
 .text.HAL_PWREx_ControlVoltageScaling
                0x08007a74      0x148 ./Drivers/STM32G4xx_HAL_Driver/Src/stm32g4xx_hal_pwr_ex.o
                0x08007a74                HAL_PWREx_ControlVoltageScaling
 .text.HAL_PWREx_DisableUCPDDeadBattery
                0x08007bbc       0x20 ./Drivers/STM32G4xx_HAL_Driver/Src/stm32g4xx_hal_pwr_ex.o
                0x08007bbc                HAL_PWREx_DisableUCPDDeadBattery
 .text.HAL_RCC_OscConfig
                0x08007bdc      0x624 ./Drivers/STM32G4xx_HAL_Driver/Src/stm32g4xx_hal_rcc.o
                0x08007bdc                HAL_RCC_OscConfig
 .text.HAL_RCC_ClockConfig
                0x08008200      0x278 ./Drivers/STM32G4xx_HAL_Driver/Src/stm32g4xx_hal_rcc.o
                0x08008200                HAL_RCC_ClockConfig
 .text.HAL_RCC_GetSysClockFreq
                0x08008478       0xc4 ./Drivers/STM32G4xx_HAL_Driver/Src/stm32g4xx_hal_rcc.o
                0x08008478                HAL_RCC_GetSysClockFreq
 .text.HAL_RCC_GetHCLKFreq
                0x0800853c       0x18 ./Drivers/STM32G4xx_HAL_Driver/Src/stm32g4xx_hal_rcc.o
                0x0800853c                HAL_RCC_GetHCLKFreq
 .text.HAL_RCC_GetPCLK1Freq
                0x08008554       0x2c ./Drivers/STM32G4xx_HAL_Driver/Src/stm32g4xx_hal_rcc.o
                0x08008554                HAL_RCC_GetPCLK1Freq
 .text.HAL_RCC_GetPCLK2Freq
                0x08008580       0x2c ./Drivers/STM32G4xx_HAL_Driver/Src/stm32g4xx_hal_rcc.o
                0x08008580                HAL_RCC_GetPCLK2Freq
 .text.RCC_GetSysClockFreqFromPLLSource
                0x080085ac       0x8c ./Drivers/STM32G4xx_HAL_Driver/Src/stm32g4xx_hal_rcc.o
 .text.HAL_RCCEx_PeriphCLKConfig
                0x08008638      0x49c ./Drivers/STM32G4xx_HAL_Driver/Src/stm32g4xx_hal_rcc_ex.o
                0x08008638                HAL_RCCEx_PeriphCLKConfig
 .text.HAL_TIM_Base_Init
                0x08008ad4       0xae ./Drivers/STM32G4xx_HAL_Driver/Src/stm32g4xx_hal_tim.o
                0x08008ad4                HAL_TIM_Base_Init
 *fill*         0x08008b82        0x2 
 .text.HAL_TIM_Base_Start_IT
                0x08008b84       0xf0 ./Drivers/STM32G4xx_HAL_Driver/Src/stm32g4xx_hal_tim.o
                0x08008b84                HAL_TIM_Base_Start_IT
 .text.HAL_TIM_PWM_Init
                0x08008c74       0xae ./Drivers/STM32G4xx_HAL_Driver/Src/stm32g4xx_hal_tim.o
                0x08008c74                HAL_TIM_PWM_Init
 .text.HAL_TIM_PWM_MspInit
                0x08008d22       0x14 ./Drivers/STM32G4xx_HAL_Driver/Src/stm32g4xx_hal_tim.o
                0x08008d22                HAL_TIM_PWM_MspInit
 *fill*         0x08008d36        0x2 
 .text.HAL_TIM_PWM_Start
                0x08008d38      0x224 ./Drivers/STM32G4xx_HAL_Driver/Src/stm32g4xx_hal_tim.o
                0x08008d38                HAL_TIM_PWM_Start
 .text.HAL_TIM_IRQHandler
                0x08008f5c      0x29e ./Drivers/STM32G4xx_HAL_Driver/Src/stm32g4xx_hal_tim.o
                0x08008f5c                HAL_TIM_IRQHandler
 *fill*         0x080091fa        0x2 
 .text.HAL_TIM_PWM_ConfigChannel
                0x080091fc      0x228 ./Drivers/STM32G4xx_HAL_Driver/Src/stm32g4xx_hal_tim.o
                0x080091fc                HAL_TIM_PWM_ConfigChannel
 .text.HAL_TIM_ConfigClockSource
                0x08009424      0x22c ./Drivers/STM32G4xx_HAL_Driver/Src/stm32g4xx_hal_tim.o
                0x08009424                HAL_TIM_ConfigClockSource
 .text.HAL_TIM_SlaveConfigSynchro
                0x08009650       0x84 ./Drivers/STM32G4xx_HAL_Driver/Src/stm32g4xx_hal_tim.o
                0x08009650                HAL_TIM_SlaveConfigSynchro
 .text.HAL_TIM_OC_DelayElapsedCallback
                0x080096d4       0x14 ./Drivers/STM32G4xx_HAL_Driver/Src/stm32g4xx_hal_tim.o
                0x080096d4                HAL_TIM_OC_DelayElapsedCallback
 .text.HAL_TIM_IC_CaptureCallback
                0x080096e8       0x14 ./Drivers/STM32G4xx_HAL_Driver/Src/stm32g4xx_hal_tim.o
                0x080096e8                HAL_TIM_IC_CaptureCallback
 .text.HAL_TIM_PWM_PulseFinishedCallback
                0x080096fc       0x14 ./Drivers/STM32G4xx_HAL_Driver/Src/stm32g4xx_hal_tim.o
                0x080096fc                HAL_TIM_PWM_PulseFinishedCallback
 .text.HAL_TIM_TriggerCallback
                0x08009710       0x14 ./Drivers/STM32G4xx_HAL_Driver/Src/stm32g4xx_hal_tim.o
                0x08009710                HAL_TIM_TriggerCallback
 .text.TIM_Base_SetConfig
                0x08009724      0x15c ./Drivers/STM32G4xx_HAL_Driver/Src/stm32g4xx_hal_tim.o
                0x08009724                TIM_Base_SetConfig
 .text.TIM_OC1_SetConfig
                0x08009880      0x138 ./Drivers/STM32G4xx_HAL_Driver/Src/stm32g4xx_hal_tim.o
 .text.TIM_OC2_SetConfig
                0x080099b8      0x12c ./Drivers/STM32G4xx_HAL_Driver/Src/stm32g4xx_hal_tim.o
                0x080099b8                TIM_OC2_SetConfig
 .text.TIM_OC3_SetConfig
                0x08009ae4      0x128 ./Drivers/STM32G4xx_HAL_Driver/Src/stm32g4xx_hal_tim.o
 .text.TIM_OC4_SetConfig
                0x08009c0c      0x12c ./Drivers/STM32G4xx_HAL_Driver/Src/stm32g4xx_hal_tim.o
 .text.TIM_OC5_SetConfig
                0x08009d38       0xd4 ./Drivers/STM32G4xx_HAL_Driver/Src/stm32g4xx_hal_tim.o
 .text.TIM_OC6_SetConfig
                0x08009e0c       0xd8 ./Drivers/STM32G4xx_HAL_Driver/Src/stm32g4xx_hal_tim.o
 .text.TIM_SlaveTimer_SetConfig
                0x08009ee4      0x1c0 ./Drivers/STM32G4xx_HAL_Driver/Src/stm32g4xx_hal_tim.o
 .text.TIM_TI1_ConfigInputStage
                0x0800a0a4       0xb4 ./Drivers/STM32G4xx_HAL_Driver/Src/stm32g4xx_hal_tim.o
 .text.TIM_TI2_ConfigInputStage
                0x0800a158       0x90 ./Drivers/STM32G4xx_HAL_Driver/Src/stm32g4xx_hal_tim.o
 .text.TIM_ITRx_SetConfig
                0x0800a1e8       0x3a ./Drivers/STM32G4xx_HAL_Driver/Src/stm32g4xx_hal_tim.o
 .text.TIM_ETR_SetConfig
                0x0800a222       0x40 ./Drivers/STM32G4xx_HAL_Driver/Src/stm32g4xx_hal_tim.o
                0x0800a222                TIM_ETR_SetConfig
 .text.TIM_CCxChannelCmd
                0x0800a262       0x4a ./Drivers/STM32G4xx_HAL_Driver/Src/stm32g4xx_hal_tim.o
                0x0800a262                TIM_CCxChannelCmd
 .text.HAL_TIMEx_PWMN_Start
                0x0800a2ac      0x184 ./Drivers/STM32G4xx_HAL_Driver/Src/stm32g4xx_hal_tim_ex.o
                0x0800a2ac                HAL_TIMEx_PWMN_Start
 .text.HAL_TIMEx_MasterConfigSynchronization
                0x0800a430      0x12c ./Drivers/STM32G4xx_HAL_Driver/Src/stm32g4xx_hal_tim_ex.o
                0x0800a430                HAL_TIMEx_MasterConfigSynchronization
 .text.HAL_TIMEx_ConfigBreakDeadTime
                0x0800a55c      0x128 ./Drivers/STM32G4xx_HAL_Driver/Src/stm32g4xx_hal_tim_ex.o
                0x0800a55c                HAL_TIMEx_ConfigBreakDeadTime
 .text.HAL_TIMEx_CommutCallback
                0x0800a684       0x14 ./Drivers/STM32G4xx_HAL_Driver/Src/stm32g4xx_hal_tim_ex.o
                0x0800a684                HAL_TIMEx_CommutCallback
 .text.HAL_TIMEx_BreakCallback
                0x0800a698       0x14 ./Drivers/STM32G4xx_HAL_Driver/Src/stm32g4xx_hal_tim_ex.o
                0x0800a698                HAL_TIMEx_BreakCallback
 .text.HAL_TIMEx_Break2Callback
                0x0800a6ac       0x14 ./Drivers/STM32G4xx_HAL_Driver/Src/stm32g4xx_hal_tim_ex.o
                0x0800a6ac                HAL_TIMEx_Break2Callback
 .text.HAL_TIMEx_EncoderIndexCallback
                0x0800a6c0       0x14 ./Drivers/STM32G4xx_HAL_Driver/Src/stm32g4xx_hal_tim_ex.o
                0x0800a6c0                HAL_TIMEx_EncoderIndexCallback
 .text.HAL_TIMEx_DirectionChangeCallback
                0x0800a6d4       0x14 ./Drivers/STM32G4xx_HAL_Driver/Src/stm32g4xx_hal_tim_ex.o
                0x0800a6d4                HAL_TIMEx_DirectionChangeCallback
 .text.HAL_TIMEx_IndexErrorCallback
                0x0800a6e8       0x14 ./Drivers/STM32G4xx_HAL_Driver/Src/stm32g4xx_hal_tim_ex.o
                0x0800a6e8                HAL_TIMEx_IndexErrorCallback
 .text.HAL_TIMEx_TransitionErrorCallback
                0x0800a6fc       0x14 ./Drivers/STM32G4xx_HAL_Driver/Src/stm32g4xx_hal_tim_ex.o
                0x0800a6fc                HAL_TIMEx_TransitionErrorCallback
 .text.TIM_CCxNChannelCmd
                0x0800a710       0x4a ./Drivers/STM32G4xx_HAL_Driver/Src/stm32g4xx_hal_tim_ex.o
 .text.HAL_UART_Init
                0x0800a75a       0xa0 ./Drivers/STM32G4xx_HAL_Driver/Src/stm32g4xx_hal_uart.o
                0x0800a75a                HAL_UART_Init
 .text.HAL_UART_Transmit
                0x0800a7fa      0x132 ./Drivers/STM32G4xx_HAL_Driver/Src/stm32g4xx_hal_uart.o
                0x0800a7fa                HAL_UART_Transmit
 .text.HAL_UART_Transmit_IT
                0x0800a92c      0x128 ./Drivers/STM32G4xx_HAL_Driver/Src/stm32g4xx_hal_uart.o
                0x0800a92c                HAL_UART_Transmit_IT
 .text.UART_SetConfig
                0x0800aa54      0x5f8 ./Drivers/STM32G4xx_HAL_Driver/Src/stm32g4xx_hal_uart.o
                0x0800aa54                UART_SetConfig
 .text.UART_AdvFeatureConfig
                0x0800b04c      0x144 ./Drivers/STM32G4xx_HAL_Driver/Src/stm32g4xx_hal_uart.o
                0x0800b04c                UART_AdvFeatureConfig
 .text.UART_CheckIdleState
                0x0800b190      0x154 ./Drivers/STM32G4xx_HAL_Driver/Src/stm32g4xx_hal_uart.o
                0x0800b190                UART_CheckIdleState
 .text.UART_WaitOnFlagUntilTimeout
                0x0800b2e4       0xda ./Drivers/STM32G4xx_HAL_Driver/Src/stm32g4xx_hal_uart.o
                0x0800b2e4                UART_WaitOnFlagUntilTimeout
 .text.UART_EndRxTransfer
                0x0800b3be       0xcc ./Drivers/STM32G4xx_HAL_Driver/Src/stm32g4xx_hal_uart.o
 .text.UART_TxISR_8BIT
                0x0800b48a       0xb8 ./Drivers/STM32G4xx_HAL_Driver/Src/stm32g4xx_hal_uart.o
 .text.UART_TxISR_16BIT
                0x0800b542       0xc2 ./Drivers/STM32G4xx_HAL_Driver/Src/stm32g4xx_hal_uart.o
 .text.UART_TxISR_8BIT_FIFOEN
                0x0800b604       0xe0 ./Drivers/STM32G4xx_HAL_Driver/Src/stm32g4xx_hal_uart.o
 .text.UART_TxISR_16BIT_FIFOEN
                0x0800b6e4       0xea ./Drivers/STM32G4xx_HAL_Driver/Src/stm32g4xx_hal_uart.o
 .text.HAL_UARTEx_DisableFifoMode
                0x0800b7ce       0x72 ./Drivers/STM32G4xx_HAL_Driver/Src/stm32g4xx_hal_uart_ex.o
                0x0800b7ce                HAL_UARTEx_DisableFifoMode
 .text.HAL_UARTEx_SetTxFifoThreshold
                0x0800b840       0x7c ./Drivers/STM32G4xx_HAL_Driver/Src/stm32g4xx_hal_uart_ex.o
                0x0800b840                HAL_UARTEx_SetTxFifoThreshold
 .text.HAL_UARTEx_SetRxFifoThreshold
                0x0800b8bc       0x7c ./Drivers/STM32G4xx_HAL_Driver/Src/stm32g4xx_hal_uart_ex.o
                0x0800b8bc                HAL_UARTEx_SetRxFifoThreshold
 .text.UARTEx_SetNbDataToProcess
                0x0800b938       0x9c ./Drivers/STM32G4xx_HAL_Driver/Src/stm32g4xx_hal_uart_ex.o
 .text.USB_DisableGlobalInt
                0x0800b9d4       0x36 ./Drivers/STM32G4xx_HAL_Driver/Src/stm32g4xx_ll_usb.o
                0x0800b9d4                USB_DisableGlobalInt
 .text.USB_DevInit
                0x0800ba0a       0x3c ./Drivers/STM32G4xx_HAL_Driver/Src/stm32g4xx_ll_usb.o
                0x0800ba0a                USB_DevInit
 *fill*         0x0800ba46        0x2 
 .text.snprintf
                0x0800ba48       0x6c C:/ST/STM32CubeIDE_2.1.0/STM32CubeIDE/plugins/com.st.stm32cube.ide.mcu.externaltools.gnu-tools-for-stm32.14.3.rel1.win32_1.0.100.202602081740/tools/bin/../lib/gcc/arm-none-eabi/14.3.1/../../../../arm-none-eabi/lib/thumb/v7e-m+fp/hard\libc_nano.a(libc_a-snprintf.o)
                0x0800ba48                sniprintf
                0x0800ba48                snprintf
 .text.memset   0x0800bab4       0x10 C:/ST/STM32CubeIDE_2.1.0/STM32CubeIDE/plugins/com.st.stm32cube.ide.mcu.externaltools.gnu-tools-for-stm32.14.3.rel1.win32_1.0.100.202602081740/tools/bin/../lib/gcc/arm-none-eabi/14.3.1/../../../../arm-none-eabi/lib/thumb/v7e-m+fp/hard\libc_nano.a(libc_a-memset.o)
                0x0800bab4                memset
 .text.__errno  0x0800bac4        0xc C:/ST/STM32CubeIDE_2.1.0/STM32CubeIDE/plugins/com.st.stm32cube.ide.mcu.externaltools.gnu-tools-for-stm32.14.3.rel1.win32_1.0.100.202602081740/tools/bin/../lib/gcc/arm-none-eabi/14.3.1/../../../../arm-none-eabi/lib/thumb/v7e-m+fp/hard\libc_nano.a(libc_a-errno.o)
                0x0800bac4                __errno
 .text.__libc_init_array
                0x0800bad0       0x48 C:/ST/STM32CubeIDE_2.1.0/STM32CubeIDE/plugins/com.st.stm32cube.ide.mcu.externaltools.gnu-tools-for-stm32.14.3.rel1.win32_1.0.100.202602081740/tools/bin/../lib/gcc/arm-none-eabi/14.3.1/../../../../arm-none-eabi/lib/thumb/v7e-m+fp/hard\libc_nano.a(libc_a-init.o)
                0x0800bad0                __libc_init_array
 .text.__retarget_lock_acquire_recursive
                0x0800bb18        0x2 C:/ST/STM32CubeIDE_2.1.0/STM32CubeIDE/plugins/com.st.stm32cube.ide.mcu.externaltools.gnu-tools-for-stm32.14.3.rel1.win32_1.0.100.202602081740/tools/bin/../lib/gcc/arm-none-eabi/14.3.1/../../../../arm-none-eabi/lib/thumb/v7e-m+fp/hard\libc_nano.a(libc_a-lock.o)
                0x0800bb18                __retarget_lock_acquire_recursive
 .text.__retarget_lock_release_recursive
                0x0800bb1a        0x2 C:/ST/STM32CubeIDE_2.1.0/STM32CubeIDE/plugins/com.st.stm32cube.ide.mcu.externaltools.gnu-tools-for-stm32.14.3.rel1.win32_1.0.100.202602081740/tools/bin/../lib/gcc/arm-none-eabi/14.3.1/../../../../arm-none-eabi/lib/thumb/v7e-m+fp/hard\libc_nano.a(libc_a-lock.o)
                0x0800bb1a                __retarget_lock_release_recursive
 .text.memcpy   0x0800bb1c       0x1c C:/ST/STM32CubeIDE_2.1.0/STM32CubeIDE/plugins/com.st.stm32cube.ide.mcu.externaltools.gnu-tools-for-stm32.14.3.rel1.win32_1.0.100.202602081740/tools/bin/../lib/gcc/arm-none-eabi/14.3.1/../../../../arm-none-eabi/lib/thumb/v7e-m+fp/hard\libc_nano.a(libc_a-memcpy-stub.o)
                0x0800bb1c                memcpy
 .text._free_r  0x0800bb38       0x94 C:/ST/STM32CubeIDE_2.1.0/STM32CubeIDE/plugins/com.st.stm32cube.ide.mcu.externaltools.gnu-tools-for-stm32.14.3.rel1.win32_1.0.100.202602081740/tools/bin/../lib/gcc/arm-none-eabi/14.3.1/../../../../arm-none-eabi/lib/thumb/v7e-m+fp/hard\libc_nano.a(libc_a-freer.o)
                0x0800bb38                _free_r
 .text.sbrk_aligned
                0x0800bbcc       0x44 C:/ST/STM32CubeIDE_2.1.0/STM32CubeIDE/plugins/com.st.stm32cube.ide.mcu.externaltools.gnu-tools-for-stm32.14.3.rel1.win32_1.0.100.202602081740/tools/bin/../lib/gcc/arm-none-eabi/14.3.1/../../../../arm-none-eabi/lib/thumb/v7e-m+fp/hard\libc_nano.a(libc_a-mallocr.o)
 .text._malloc_r
                0x0800bc10      0x100 C:/ST/STM32CubeIDE_2.1.0/STM32CubeIDE/plugins/com.st.stm32cube.ide.mcu.externaltools.gnu-tools-for-stm32.14.3.rel1.win32_1.0.100.202602081740/tools/bin/../lib/gcc/arm-none-eabi/14.3.1/../../../../arm-none-eabi/lib/thumb/v7e-m+fp/hard\libc_nano.a(libc_a-mallocr.o)
                0x0800bc10                _malloc_r
 .text.__malloc_lock
                0x0800bd10        0xc C:/ST/STM32CubeIDE_2.1.0/STM32CubeIDE/plugins/com.st.stm32cube.ide.mcu.externaltools.gnu-tools-for-stm32.14.3.rel1.win32_1.0.100.202602081740/tools/bin/../lib/gcc/arm-none-eabi/14.3.1/../../../../arm-none-eabi/lib/thumb/v7e-m+fp/hard\libc_nano.a(libc_a-mlock.o)
                0x0800bd10                __malloc_lock
 .text.__malloc_unlock
                0x0800bd1c        0xc C:/ST/STM32CubeIDE_2.1.0/STM32CubeIDE/plugins/com.st.stm32cube.ide.mcu.externaltools.gnu-tools-for-stm32.14.3.rel1.win32_1.0.100.202602081740/tools/bin/../lib/gcc/arm-none-eabi/14.3.1/../../../../arm-none-eabi/lib/thumb/v7e-m+fp/hard\libc_nano.a(libc_a-mlock.o)
                0x0800bd1c                __malloc_unlock
 .text.__ssputs_r
                0x0800bd28       0xc0 C:/ST/STM32CubeIDE_2.1.0/STM32CubeIDE/plugins/com.st.stm32cube.ide.mcu.externaltools.gnu-tools-for-stm32.14.3.rel1.win32_1.0.100.202602081740/tools/bin/../lib/gcc/arm-none-eabi/14.3.1/../../../../arm-none-eabi/lib/thumb/v7e-m+fp/hard\libc_nano.a(libc_a-nano-svfprintf.o)
                0x0800bd28                __ssputs_r
 .text._svfprintf_r
                0x0800bde8      0x1f0 C:/ST/STM32CubeIDE_2.1.0/STM32CubeIDE/plugins/com.st.stm32cube.ide.mcu.externaltools.gnu-tools-for-stm32.14.3.rel1.win32_1.0.100.202602081740/tools/bin/../lib/gcc/arm-none-eabi/14.3.1/../../../../arm-none-eabi/lib/thumb/v7e-m+fp/hard\libc_nano.a(libc_a-nano-svfprintf.o)
                0x0800bde8                _svfiprintf_r
                0x0800bde8                _svfprintf_r
 .text._printf_common
                0x0800bfd8       0xda C:/ST/STM32CubeIDE_2.1.0/STM32CubeIDE/plugins/com.st.stm32cube.ide.mcu.externaltools.gnu-tools-for-stm32.14.3.rel1.win32_1.0.100.202602081740/tools/bin/../lib/gcc/arm-none-eabi/14.3.1/../../../../arm-none-eabi/lib/thumb/v7e-m+fp/hard\libc_nano.a(libc_a-nano-vfprintf_i.o)
                0x0800bfd8                _printf_common
 *fill*         0x0800c0b2        0x2 
 .text._printf_i
                0x0800c0b4      0x24c C:/ST/STM32CubeIDE_2.1.0/STM32CubeIDE/plugins/com.st.stm32cube.ide.mcu.externaltools.gnu-tools-for-stm32.14.3.rel1.win32_1.0.100.202602081740/tools/bin/../lib/gcc/arm-none-eabi/14.3.1/../../../../arm-none-eabi/lib/thumb/v7e-m+fp/hard\libc_nano.a(libc_a-nano-vfprintf_i.o)
                0x0800c0b4                _printf_i
 .text.memmove  0x0800c300       0x32 C:/ST/STM32CubeIDE_2.1.0/STM32CubeIDE/plugins/com.st.stm32cube.ide.mcu.externaltools.gnu-tools-for-stm32.14.3.rel1.win32_1.0.100.202602081740/tools/bin/../lib/gcc/arm-none-eabi/14.3.1/../../../../arm-none-eabi/lib/thumb/v7e-m+fp/hard\libc_nano.a(libc_a-memmove.o)
                0x0800c300                memmove
 *fill*         0x0800c332        0x2 
 .text._sbrk_r  0x0800c334       0x20 C:/ST/STM32CubeIDE_2.1.0/STM32CubeIDE/plugins/com.st.stm32cube.ide.mcu.externaltools.gnu-tools-for-stm32.14.3.rel1.win32_1.0.100.202602081740/tools/bin/../lib/gcc/arm-none-eabi/14.3.1/../../../../arm-none-eabi/lib/thumb/v7e-m+fp/hard\libc_nano.a(libc_a-sbrkr.o)
                0x0800c334                _sbrk_r
 .text._realloc_r
                0x0800c354       0x5c C:/ST/STM32CubeIDE_2.1.0/STM32CubeIDE/plugins/com.st.stm32cube.ide.mcu.externaltools.gnu-tools-for-stm32.14.3.rel1.win32_1.0.100.202602081740/tools/bin/../lib/gcc/arm-none-eabi/14.3.1/../../../../arm-none-eabi/lib/thumb/v7e-m+fp/hard\libc_nano.a(libc_a-reallocr.o)
                0x0800c354                _realloc_r
 .text._malloc_usable_size_r
                0x0800c3b0       0x10 C:/ST/STM32CubeIDE_2.1.0/STM32CubeIDE/plugins/com.st.stm32cube.ide.mcu.externaltools.gnu-tools-for-stm32.14.3.rel1.win32_1.0.100.202602081740/tools/bin/../lib/gcc/arm-none-eabi/14.3.1/../../../../arm-none-eabi/lib/thumb/v7e-m+fp/hard\libc_nano.a(libc_a-msizer.o)
                0x0800c3b0                _malloc_usable_size_r
 *(.glue_7)
 .glue_7        0x0800c3c0        0x0 linker stubs
 *(.glue_7t)
 .glue_7t       0x0800c3c0        0x0 linker stubs
 *(.eh_frame)
 .eh_frame      0x0800c3c0        0x0 C:/ST/STM32CubeIDE_2.1.0/STM32CubeIDE/plugins/com.st.stm32cube.ide.mcu.externaltools.gnu-tools-for-stm32.14.3.rel1.win32_1.0.100.202602081740/tools/bin/../lib/gcc/arm-none-eabi/14.3.1/thumb/v7e-m+fp/hard/crtbegin.o
 *(.init)
 .init          0x0800c3c0        0x4 C:/ST/STM32CubeIDE_2.1.0/STM32CubeIDE/plugins/com.st.stm32cube.ide.mcu.externaltools.gnu-tools-for-stm32.14.3.rel1.win32_1.0.100.202602081740/tools/bin/../lib/gcc/arm-none-eabi/14.3.1/thumb/v7e-m+fp/hard/crti.o
                0x0800c3c0                _init
 .init          0x0800c3c4        0x8 C:/ST/STM32CubeIDE_2.1.0/STM32CubeIDE/plugins/com.st.stm32cube.ide.mcu.externaltools.gnu-tools-for-stm32.14.3.rel1.win32_1.0.100.202602081740/tools/bin/../lib/gcc/arm-none-eabi/14.3.1/thumb/v7e-m+fp/hard/crtn.o
 *(.fini)
 .fini          0x0800c3cc        0x4 C:/ST/STM32CubeIDE_2.1.0/STM32CubeIDE/plugins/com.st.stm32cube.ide.mcu.externaltools.gnu-tools-for-stm32.14.3.rel1.win32_1.0.100.202602081740/tools/bin/../lib/gcc/arm-none-eabi/14.3.1/thumb/v7e-m+fp/hard/crti.o
                0x0800c3cc                _fini
 .fini          0x0800c3d0        0x8 C:/ST/STM32CubeIDE_2.1.0/STM32CubeIDE/plugins/com.st.stm32cube.ide.mcu.externaltools.gnu-tools-for-stm32.14.3.rel1.win32_1.0.100.202602081740/tools/bin/../lib/gcc/arm-none-eabi/14.3.1/thumb/v7e-m+fp/hard/crtn.o
                0x0800c3d8                        . = ALIGN (0x4)
                0x0800c3d8                        _etext = .

.vfp11_veneer   0x0800c3d8        0x0
 .vfp11_veneer  0x0800c3d8        0x0 linker stubs

.v4_bx          0x0800c3d8        0x0
 .v4_bx         0x0800c3d8        0x0 linker stubs

.iplt           0x0800c3d8        0x0
 .iplt          0x0800c3d8        0x0 C:/ST/STM32CubeIDE_2.1.0/STM32CubeIDE/plugins/com.st.stm32cube.ide.mcu.externaltools.gnu-tools-for-stm32.14.3.rel1.win32_1.0.100.202602081740/tools/bin/../lib/gcc/arm-none-eabi/14.3.1/thumb/v7e-m+fp/hard/crtbegin.o

.rodata         0x0800c3d8      0x140
                0x0800c3d8                        . = ALIGN (0x4)
 *(.rodata)
 .rodata        0x0800c3d8       0x40 ./Core/Src/motor_driver_v2.o
 .rodata        0x0800c418       0x78 ./Core/Src/safety_telemetry.o
 *(.rodata*)
 .rodata.preamble.1
                0x0800c490        0x2 ./Core/Src/safety_telemetry.o
 *fill*         0x0800c492        0x2 
 .rodata.AHBPrescTable
                0x0800c494       0x10 ./Core/Src/system_stm32g4xx.o
                0x0800c494                AHBPrescTable
 .rodata.APBPrescTable
                0x0800c4a4        0x8 ./Core/Src/system_stm32g4xx.o
                0x0800c4a4                APBPrescTable
 .rodata.DLCtoBytes
                0x0800c4ac       0x10 ./Drivers/STM32G4xx_HAL_Driver/Src/stm32g4xx_hal_fdcan.o
 .rodata.UARTPrescTable
                0x0800c4bc       0x18 ./Drivers/STM32G4xx_HAL_Driver/Src/stm32g4xx_hal_uart.o
                0x0800c4bc                UARTPrescTable
 .rodata.numerator.1
                0x0800c4d4        0x8 ./Drivers/STM32G4xx_HAL_Driver/Src/stm32g4xx_hal_uart_ex.o
 .rodata.denominator.0
                0x0800c4dc        0x8 ./Drivers/STM32G4xx_HAL_Driver/Src/stm32g4xx_hal_uart_ex.o
 .rodata._svfprintf_r.str1.1
                0x0800c4e4       0x33 C:/ST/STM32CubeIDE_2.1.0/STM32CubeIDE/plugins/com.st.stm32cube.ide.mcu.externaltools.gnu-tools-for-stm32.14.3.rel1.win32_1.0.100.202602081740/tools/bin/../lib/gcc/arm-none-eabi/14.3.1/../../../../arm-none-eabi/lib/thumb/v7e-m+fp/hard\libc_nano.a(libc_a-nano-svfprintf.o)
                                 0x11 (size before relaxing)
 .rodata._printf_i.str1.1
                0x0800c517       0x22 C:/ST/STM32CubeIDE_2.1.0/STM32CubeIDE/plugins/com.st.stm32cube.ide.mcu.externaltools.gnu-tools-for-stm32.14.3.rel1.win32_1.0.100.202602081740/tools/bin/../lib/gcc/arm-none-eabi/14.3.1/../../../../arm-none-eabi/lib/thumb/v7e-m+fp/hard\libc_nano.a(libc_a-nano-vfprintf_i.o)
                0x0800c53c                        . = ALIGN (0x4)
 *fill*         0x0800c517        0x1 

.ARM.extab      0x0800c518        0x0
                0x0800c518                        . = ALIGN (0x4)
 *(.ARM.extab* .gnu.linkonce.armextab.*)
                0x0800c518                        . = ALIGN (0x4)

.ARM            0x0800c518        0x8
                0x0800c518                        . = ALIGN (0x4)
                0x0800c518                        __exidx_start = .
 *(.ARM.exidx*)
 .ARM.exidx     0x0800c518        0x8 C:/ST/STM32CubeIDE_2.1.0/STM32CubeIDE/plugins/com.st.stm32cube.ide.mcu.externaltools.gnu-tools-for-stm32.14.3.rel1.win32_1.0.100.202602081740/tools/bin/../lib/gcc/arm-none-eabi/14.3.1/../../../../arm-none-eabi/lib/thumb/v7e-m+fp/hard\libc_nano.a(libc_a-memchr.o)
 .ARM.exidx     0x0800c520        0x0 C:/ST/STM32CubeIDE_2.1.0/STM32CubeIDE/plugins/com.st.stm32cube.ide.mcu.externaltools.gnu-tools-for-stm32.14.3.rel1.win32_1.0.100.202602081740/tools/bin/../lib/gcc/arm-none-eabi/14.3.1/thumb/v7e-m+fp/hard\libgcc.a(_udivmoddi4.o)
                                  0x8 (size before relaxing)
                0x0800c520                        __exidx_end = .
                0x0800c520                        . = ALIGN (0x4)

.preinit_array  0x0800c520        0x0
                0x0800c520                        . = ALIGN (0x4)
                0x0800c520                        PROVIDE (__preinit_array_start = .)
 *(.preinit_array*)
                0x0800c520                        PROVIDE (__preinit_array_end = .)
                0x0800c520                        . = ALIGN (0x4)

.init_array     0x0800c520        0x4
                0x0800c520                        . = ALIGN (0x4)
                0x0800c520                        PROVIDE (__init_array_start = .)
 *(SORT_BY_NAME(.init_array.*))
 *(.init_array*)
 .init_array    0x0800c520        0x4 C:/ST/STM32CubeIDE_2.1.0/STM32CubeIDE/plugins/com.st.stm32cube.ide.mcu.externaltools.gnu-tools-for-stm32.14.3.rel1.win32_1.0.100.202602081740/tools/bin/../lib/gcc/arm-none-eabi/14.3.1/thumb/v7e-m+fp/hard/crtbegin.o
                0x0800c524                        PROVIDE (__init_array_end = .)
                0x0800c524                        . = ALIGN (0x4)

.fini_array     0x0800c524        0x4
                0x0800c524                        . = ALIGN (0x4)
                [!provide]                        PROVIDE (__fini_array_start = .)
 *(SORT_BY_NAME(.fini_array.*))
 *(.fini_array*)
 .fini_array    0x0800c524        0x4 C:/ST/STM32CubeIDE_2.1.0/STM32CubeIDE/plugins/com.st.stm32cube.ide.mcu.externaltools.gnu-tools-for-stm32.14.3.rel1.win32_1.0.100.202602081740/tools/bin/../lib/gcc/arm-none-eabi/14.3.1/thumb/v7e-m+fp/hard/crtbegin.o
                [!provide]                        PROVIDE (__fini_array_end = .)
                0x0800c528                        . = ALIGN (0x4)
                0x0800c528                        _sidata = LOADADDR (.data)

.rel.dyn        0x0800c528        0x0
 .rel.iplt      0x0800c528        0x0 C:/ST/STM32CubeIDE_2.1.0/STM32CubeIDE/plugins/com.st.stm32cube.ide.mcu.externaltools.gnu-tools-for-stm32.14.3.rel1.win32_1.0.100.202602081740/tools/bin/../lib/gcc/arm-none-eabi/14.3.1/thumb/v7e-m+fp/hard/crtbegin.o

.data           0x20000000       0x94 load address 0x0800c528
                0x20000000                        . = ALIGN (0x4)
                0x20000000                        _sdata = .
 *(.data)
 *(.data*)
 .data.dtime    0x20000000        0x4 ./Core/Src/motor_driver_v2.o
                0x20000000                dtime
 .data.gazbos   0x20000004        0x4 ./Core/Src/motor_driver_v2.o
                0x20000004                gazbos
 .data.gerimax  0x20000008        0x1 ./Core/Src/motor_driver_v2.o
                0x20000008                gerimax
 *fill*         0x20000009        0x3 
 .data.gazramprate
                0x2000000c        0x4 ./Core/Src/motor_driver_v2.o
                0x2000000c                gazramprate
 .data.maxpwm   0x20000010        0x1 ./Core/Src/motor_driver_v2.o
                0x20000010                maxpwm
 *fill*         0x20000011        0x3 
 .data.pilmax   0x20000014        0x4 ./Core/Src/motor_driver_v2.o
                0x20000014                pilmax
 .data.pilmin   0x20000018        0x4 ./Core/Src/motor_driver_v2.o
                0x20000018                pilmin
 .data.warntemp
                0x2000001c        0x4 ./Core/Src/motor_driver_v2.o
                0x2000001c                warntemp
 .data.maxtemp  0x20000020        0x4 ./Core/Src/motor_driver_v2.o
                0x20000020                maxtemp
 .data.maxstartamp
                0x20000024        0x4 ./Core/Src/motor_driver_v2.o
                0x20000024                maxstartamp
 .data.maxsystemamp
                0x20000028        0x4 ./Core/Src/motor_driver_v2.o
                0x20000028                maxsystemamp
 .data.currzero
                0x2000002c        0x4 ./Core/Src/motor_driver_v2.o
                0x2000002c                currzero
 .data.arazaman
                0x20000030        0x4 ./Core/Src/motor_driver_v2.o
                0x20000030                arazaman
 .data.ilkkontak
                0x20000034        0x1 ./Core/Src/motor_driver_v2.o
                0x20000034                ilkkontak
 .data.DirF     0x20000035        0x1 ./Core/Src/motor_driver_v2.o
                0x20000035                DirF
 *fill*         0x20000036        0x2 
 .data.SystemCoreClock
                0x20000038        0x4 ./Core/Src/system_stm32g4xx.o
                0x20000038                SystemCoreClock
 .data.uwTickPrio
                0x2000003c        0x4 ./Drivers/STM32G4xx_HAL_Driver/Src/stm32g4xx_hal.o
                0x2000003c                uwTickPrio
 .data.uwTickFreq
                0x20000040        0x4 ./Drivers/STM32G4xx_HAL_Driver/Src/stm32g4xx_hal.o
                0x20000040                uwTickFreq
 .data._impure_ptr
                0x20000044        0x4 C:/ST/STM32CubeIDE_2.1.0/STM32CubeIDE/plugins/com.st.stm32cube.ide.mcu.externaltools.gnu-tools-for-stm32.14.3.rel1.win32_1.0.100.202602081740/tools/bin/../lib/gcc/arm-none-eabi/14.3.1/../../../../arm-none-eabi/lib/thumb/v7e-m+fp/hard\libc_nano.a(libc_a-impure.o)
                0x20000044                _impure_ptr
 .data._impure_data
                0x20000048       0x4c C:/ST/STM32CubeIDE_2.1.0/STM32CubeIDE/plugins/com.st.stm32cube.ide.mcu.externaltools.gnu-tools-for-stm32.14.3.rel1.win32_1.0.100.202602081740/tools/bin/../lib/gcc/arm-none-eabi/14.3.1/../../../../arm-none-eabi/lib/thumb/v7e-m+fp/hard\libc_nano.a(libc_a-impure.o)
                0x20000048                _impure_data
 *(.RamFunc)
 *(.RamFunc*)
                0x20000094                        . = ALIGN (0x4)
                0x20000094                        _edata = .

.igot.plt       0x20000094        0x0 load address 0x0800c5bc
 .igot.plt      0x20000094        0x0 C:/ST/STM32CubeIDE_2.1.0/STM32CubeIDE/plugins/com.st.stm32cube.ide.mcu.externaltools.gnu-tools-for-stm32.14.3.rel1.win32_1.0.100.202602081740/tools/bin/../lib/gcc/arm-none-eabi/14.3.1/thumb/v7e-m+fp/hard/crtbegin.o
                0x20000094                        . = ALIGN (0x4)

.bss            0x20000094      0xe78 load address 0x0800c5bc
                0x20000094                        _sbss = .
                0x20000094                        __bss_start__ = _sbss
 *(.bss)
 .bss           0x20000094       0x1c C:/ST/STM32CubeIDE_2.1.0/STM32CubeIDE/plugins/com.st.stm32cube.ide.mcu.externaltools.gnu-tools-for-stm32.14.3.rel1.win32_1.0.100.202602081740/tools/bin/../lib/gcc/arm-none-eabi/14.3.1/thumb/v7e-m+fp/hard/crtbegin.o
 *(.bss*)
 .bss.hadc1     0x200000b0       0x6c ./Core/Src/main.o
                0x200000b0                hadc1
 .bss.hadc2     0x2000011c       0x6c ./Core/Src/main.o
                0x2000011c                hadc2
 .bss.hadc3     0x20000188       0x6c ./Core/Src/main.o
                0x20000188                hadc3
 .bss.hadc4     0x200001f4       0x6c ./Core/Src/main.o
                0x200001f4                hadc4
 .bss.hadc5     0x20000260       0x6c ./Core/Src/main.o
                0x20000260                hadc5
 .bss.hcordic   0x200002cc       0x28 ./Core/Src/main.o
                0x200002cc                hcordic
 .bss.hdma_cordic_read
                0x200002f4       0x60 ./Core/Src/main.o
                0x200002f4                hdma_cordic_read
 .bss.hcrc      0x20000354       0x24 ./Core/Src/main.o
                0x20000354                hcrc
 .bss.hi2c1     0x20000378       0x54 ./Core/Src/main.o
                0x20000378                hi2c1
 .bss.hi2c3     0x200003cc       0x54 ./Core/Src/main.o
                0x200003cc                hi2c3
 .bss.hiwdg     0x20000420       0x10 ./Core/Src/main.o
                0x20000420                hiwdg
 .bss.htim1     0x20000430       0x4c ./Core/Src/main.o
                0x20000430                htim1
 .bss.hfdcan1   0x2000047c       0x64 ./Core/Src/main.o
                0x2000047c                hfdcan1
 .bss.huart4    0x200004e0       0x94 ./Core/Src/main.o
                0x200004e0                huart4
 .bss.huart2    0x20000574       0x94 ./Core/Src/main.o
                0x20000574                huart2
 .bss.hpcd_USB_FS
                0x20000608      0x2dc ./Core/Src/main.o
                0x20000608                hpcd_USB_FS
 .bss.htim6     0x200008e4       0x4c ./Core/Src/main.o
                0x200008e4                htim6
 .bss.gaz       0x20000930        0x4 ./Core/Src/motor_driver_v2.o
                0x20000930                gaz
 .bss.Accel     0x20000934        0x4 ./Core/Src/motor_driver_v2.o
                0x20000934                Accel
 .bss.hareket   0x20000938        0x1 ./Core/Src/motor_driver_v2.o
                0x20000938                hareket
 .bss.gazizin   0x20000939        0x1 ./Core/Src/motor_driver_v2.o
                0x20000939                gazizin
 .bss.BrakeF    0x2000093a        0x1 ./Core/Src/motor_driver_v2.o
                0x2000093a                BrakeF
 .bss.chgdirF   0x2000093b        0x1 ./Core/Src/motor_driver_v2.o
                0x2000093b                chgdirF
 .bss.yon       0x2000093c        0x1 ./Core/Src/motor_driver_v2.o
                0x2000093c                yon
 .bss.hallval   0x2000093d        0x1 ./Core/Src/motor_driver_v2.o
                0x2000093d                hallval
 .bss.ihallval  0x2000093e        0x1 ./Core/Src/motor_driver_v2.o
                0x2000093e                ihallval
 *fill*         0x2000093f        0x1 
 .bss.OrtTemp   0x20000940        0x4 ./Core/Src/motor_driver_v2.o
                0x20000940                OrtTemp
 .bss.TTemp     0x20000944        0x4 ./Core/Src/motor_driver_v2.o
                0x20000944                TTemp
 .bss.Temp      0x20000948        0x4 ./Core/Src/motor_driver_v2.o
                0x20000948                Temp
 .bss.OrtVolt   0x2000094c        0x4 ./Core/Src/motor_driver_v2.o
                0x2000094c                OrtVolt
 .bss.TVolt     0x20000950        0x4 ./Core/Src/motor_driver_v2.o
                0x20000950                TVolt
 .bss.Volt      0x20000954        0x4 ./Core/Src/motor_driver_v2.o
                0x20000954                Volt
 .bss.OrtCurr   0x20000958        0x4 ./Core/Src/motor_driver_v2.o
                0x20000958                OrtCurr
 .bss.TCurr     0x2000095c        0x4 ./Core/Src/motor_driver_v2.o
                0x2000095c                TCurr
 .bss.CurrA     0x20000960        0x4 ./Core/Src/motor_driver_v2.o
                0x20000960                CurrA
 .bss.CurrB     0x20000964        0x4 ./Core/Src/motor_driver_v2.o
                0x20000964                CurrB
 .bss.CurrC     0x20000968        0x4 ./Core/Src/motor_driver_v2.o
                0x20000968                CurrC
 .bss.regenVal  0x2000096c        0x4 ./Core/Src/motor_driver_v2.o
                0x2000096c                regenVal
 .bss.devirdak  0x20000970        0x4 ./Core/Src/motor_driver_v2.o
                0x20000970                devirdak
 .bss.kmsaat    0x20000974        0x4 ./Core/Src/motor_driver_v2.o
                0x20000974                kmsaat
 .bss.totalKm   0x20000978        0x4 ./Core/Src/motor_driver_v2.o
                0x20000978                totalKm
 .bss.totalM    0x2000097c        0x4 ./Core/Src/motor_driver_v2.o
                0x2000097c                totalM
 .bss.j         0x20000980        0x4 ./Core/Src/motor_driver_v2.o
 .bss.k         0x20000984        0x4 ./Core/Src/motor_driver_v2.o
 .bss.overstartcurrentF
                0x20000988        0x1 ./Core/Src/motor_driver_v2.o
                0x20000988                overstartcurrentF
 .bss.oversyscurrentF
                0x20000989        0x1 ./Core/Src/motor_driver_v2.o
                0x20000989                oversyscurrentF
 .bss.acil      0x2000098a        0x1 ./Core/Src/motor_driver_v2.o
                0x2000098a                acil
 .bss.panicF    0x2000098b        0x1 ./Core/Src/motor_driver_v2.o
                0x2000098b                panicF
 .bss.pilmaxF   0x2000098c        0x1 ./Core/Src/motor_driver_v2.o
                0x2000098c                pilmaxF
 .bss.pilminF   0x2000098d        0x1 ./Core/Src/motor_driver_v2.o
                0x2000098d                pilminF
 .bss.warntempF
                0x2000098e        0x1 ./Core/Src/motor_driver_v2.o
                0x2000098e                warntempF
 .bss.maxtempF  0x2000098f        0x1 ./Core/Src/motor_driver_v2.o
                0x2000098f                maxtempF
 .bss.BlinkStat
                0x20000990        0x4 ./Core/Src/motor_driver_v2.o
                0x20000990                BlinkStat
 .bss.warntime  0x20000994        0x4 ./Core/Src/motor_driver_v2.o
                0x20000994                warntime
 .bss.deneStart
                0x20000998        0x1 ./Core/Src/motor_driver_v2.o
                0x20000998                deneStart
 .bss.deneSys   0x20000999        0x1 ./Core/Src/motor_driver_v2.o
                0x20000999                deneSys
 .bss.recoveryRampActive
                0x2000099a        0x1 ./Core/Src/motor_driver_v2.o
                0x2000099a                recoveryRampActive
 *fill*         0x2000099b        0x1 
 .bss.msTime    0x2000099c        0x4 ./Core/Src/motor_driver_v2.o
                0x2000099c                msTime
 .bss.BlinkCount
                0x200009a0        0x4 ./Core/Src/motor_driver_v2.o
                0x200009a0                BlinkCount
 .bss.adcCount  0x200009a4        0x4 ./Core/Src/motor_driver_v2.o
                0x200009a4                adcCount
 .bss.accsay    0x200009a8        0x4 ./Core/Src/motor_driver_v2.o
                0x200009a8                accsay
 .bss.harsay    0x200009ac        0x4 ./Core/Src/motor_driver_v2.o
                0x200009ac                harsay
 .bss.rampcnt   0x200009b0        0x4 ./Core/Src/motor_driver_v2.o
                0x200009b0                rampcnt
 .bss.devzaman  0x200009b4        0x4 ./Core/Src/motor_driver_v2.o
                0x200009b4                devzaman
 .bss.devsay    0x200009b8        0x4 ./Core/Src/motor_driver_v2.o
                0x200009b8                devsay
 .bss.adcReadF  0x200009bc        0x1 ./Core/Src/motor_driver_v2.o
                0x200009bc                adcReadF
 .bss.accelokuF
                0x200009bd        0x1 ./Core/Src/motor_driver_v2.o
                0x200009bd                accelokuF
 *fill*         0x200009be        0x2 
 .bss.acceltop  0x200009c0        0x4 ./Core/Src/motor_driver_v2.o
 .bss.accelsay  0x200009c4        0x4 ./Core/Src/motor_driver_v2.o
 .bss.vj.1      0x200009c8        0x4 ./Core/Src/motor_driver_v2.o
 .bss.lastBeep.0
                0x200009cc        0x4 ./Core/Src/motor_driver_v2.o
 .bss.currentState
                0x200009d0        0x1 ./Core/Src/safety_telemetry.o
 *fill*         0x200009d1        0x1 
 .bss.fsReasonMask
                0x200009d2        0x2 ./Core/Src/safety_telemetry.o
 .bss.logQueue  0x200009d4      0x320 ./Core/Src/safety_telemetry.o
 .bss.logHead   0x20000cf4        0x1 ./Core/Src/safety_telemetry.o
 .bss.logTail   0x20000cf5        0x1 ./Core/Src/safety_telemetry.o
 .bss.logCount  0x20000cf6        0x1 ./Core/Src/safety_telemetry.o
 *fill*         0x20000cf7        0x1 
 .bss.swWdgLastFeed
                0x20000cf8        0x4 ./Core/Src/safety_telemetry.o
 .bss.swWdgEnabled
                0x20000cfc        0x1 ./Core/Src/safety_telemetry.o
 *fill*         0x20000cfd        0x3 
 .bss.lastHallChange_ms
                0x20000d00        0x4 ./Core/Src/safety_telemetry.o
 .bss.lastADCRead_ms
                0x20000d04        0x4 ./Core/Src/safety_telemetry.o
 .bss.recoveryStartTime
                0x20000d08        0x4 ./Core/Src/safety_telemetry.o
 .bss.recoveryActive
                0x20000d0c        0x1 ./Core/Src/safety_telemetry.o
 .bss.uart4Busy
                0x20000d0d        0x1 ./Core/Src/safety_telemetry.o
 *fill*         0x20000d0e        0x2 
 .bss.uartTxBuf
                0x20000d10       0x80 ./Core/Src/safety_telemetry.o
 .bss.uartBusy  0x20000d90        0x1 ./Core/Src/safety_telemetry.o
 *fill*         0x20000d91        0x3 
 .bss.lastFlush_ms.2
                0x20000d94        0x4 ./Core/Src/safety_telemetry.o
 .bss.txBuf.0   0x20000d98       0x1b ./Core/Src/safety_telemetry.o
 *fill*         0x20000db3        0x1 
 .bss.HAL_RCC_ADC12_CLK_ENABLED
                0x20000db4        0x4 ./Core/Src/stm32g4xx_hal_msp.o
 .bss.HAL_RCC_ADC345_CLK_ENABLED
                0x20000db8        0x4 ./Core/Src/stm32g4xx_hal_msp.o
 .bss.__sbrk_heap_end
                0x20000dbc        0x4 ./Core/Src/sysmem.o
 .bss.uwTick    0x20000dc0        0x4 ./Drivers/STM32G4xx_HAL_Driver/Src/stm32g4xx_hal.o
                0x20000dc0                uwTick
 .bss.__sf      0x20000dc4      0x138 C:/ST/STM32CubeIDE_2.1.0/STM32CubeIDE/plugins/com.st.stm32cube.ide.mcu.externaltools.gnu-tools-for-stm32.14.3.rel1.win32_1.0.100.202602081740/tools/bin/../lib/gcc/arm-none-eabi/14.3.1/../../../../arm-none-eabi/lib/thumb/v7e-m+fp/hard\libc_nano.a(libc_a-findfp.o)
                0x20000dc4                __sf
 .bss.errno     0x20000efc        0x4 C:/ST/STM32CubeIDE_2.1.0/STM32CubeIDE/plugins/com.st.stm32cube.ide.mcu.externaltools.gnu-tools-for-stm32.14.3.rel1.win32_1.0.100.202602081740/tools/bin/../lib/gcc/arm-none-eabi/14.3.1/../../../../arm-none-eabi/lib/thumb/v7e-m+fp/hard\libc_nano.a(libc_a-reent.o)
                0x20000efc                errno
 .bss.__lock___malloc_recursive_mutex
                0x20000f00        0x1 C:/ST/STM32CubeIDE_2.1.0/STM32CubeIDE/plugins/com.st.stm32cube.ide.mcu.externaltools.gnu-tools-for-stm32.14.3.rel1.win32_1.0.100.202602081740/tools/bin/../lib/gcc/arm-none-eabi/14.3.1/../../../../arm-none-eabi/lib/thumb/v7e-m+fp/hard\libc_nano.a(libc_a-lock.o)
                0x20000f00                __lock___malloc_recursive_mutex
 *fill*         0x20000f01        0x3 
 .bss.__malloc_sbrk_start
                0x20000f04        0x4 C:/ST/STM32CubeIDE_2.1.0/STM32CubeIDE/plugins/com.st.stm32cube.ide.mcu.externaltools.gnu-tools-for-stm32.14.3.rel1.win32_1.0.100.202602081740/tools/bin/../lib/gcc/arm-none-eabi/14.3.1/../../../../arm-none-eabi/lib/thumb/v7e-m+fp/hard\libc_nano.a(libc_a-mallocr.o)
                0x20000f04                __malloc_sbrk_start
 .bss.__malloc_free_list
                0x20000f08        0x4 C:/ST/STM32CubeIDE_2.1.0/STM32CubeIDE/plugins/com.st.stm32cube.ide.mcu.externaltools.gnu-tools-for-stm32.14.3.rel1.win32_1.0.100.202602081740/tools/bin/../lib/gcc/arm-none-eabi/14.3.1/../../../../arm-none-eabi/lib/thumb/v7e-m+fp/hard\libc_nano.a(libc_a-mallocr.o)
                0x20000f08                __malloc_free_list
 *(COMMON)
                0x20000f0c                        . = ALIGN (0x4)
                0x20000f0c                        _ebss = .
                0x20000f0c                        __bss_end__ = _ebss

._user_heap_stack
                0x20000f0c      0x604 load address 0x0800c5bc
                0x20000f10                        . = ALIGN (0x8)
 *fill*         0x20000f0c        0x4 
                [!provide]                        PROVIDE (end = .)
                0x20000f10                        PROVIDE (_end = .)
                0x20001110                        . = (. + _Min_Heap_Size)
 *fill*         0x20000f10      0x200 
                0x20001510                        . = (. + _Min_Stack_Size)
 *fill*         0x20001110      0x400 
                0x20001510                        . = ALIGN (0x8)

/DISCARD/
 libc.a(*)
 libm.a(*)
 libgcc.a(*)

.ARM.attributes
                0x00000000       0x30
 *(.ARM.attributes)
 .ARM.attributes
                0x00000000       0x22 C:/ST/STM32CubeIDE_2.1.0/STM32CubeIDE/plugins/com.st.stm32cube.ide.mcu.externaltools.gnu-tools-for-stm32.14.3.rel1.win32_1.0.100.202602081740/tools/bin/../lib/gcc/arm-none-eabi/14.3.1/thumb/v7e-m+fp/hard/crti.o
 .ARM.attributes
                0x00000022       0x34 C:/ST/STM32CubeIDE_2.1.0/STM32CubeIDE/plugins/com.st.stm32cube.ide.mcu.externaltools.gnu-tools-for-stm32.14.3.rel1.win32_1.0.100.202602081740/tools/bin/../lib/gcc/arm-none-eabi/14.3.1/thumb/v7e-m+fp/hard/crtbegin.o
 .ARM.attributes
                0x00000056       0x34 ./Core/Src/main.o
 .ARM.attributes
                0x0000008a       0x34 ./Core/Src/motor_driver_v2.o
 .ARM.attributes
                0x000000be       0x34 ./Core/Src/safety_telemetry.o
 .ARM.attributes
                0x000000f2       0x34 ./Core/Src/stm32g4xx_hal_msp.o
 .ARM.attributes
                0x00000126       0x34 ./Core/Src/stm32g4xx_it.o
 .ARM.attributes
                0x0000015a       0x34 ./Core/Src/sysmem.o
 .ARM.attributes
                0x0000018e       0x34 ./Core/Src/system_stm32g4xx.o
 .ARM.attributes
                0x000001c2       0x21 ./Core/Startup/startup_stm32g474vetx.o
 .ARM.attributes
                0x000001e3       0x34 ./Drivers/STM32G4xx_HAL_Driver/Src/stm32g4xx_hal.o
 .ARM.attributes
                0x00000217       0x34 ./Drivers/STM32G4xx_HAL_Driver/Src/stm32g4xx_hal_adc.o
 .ARM.attributes
                0x0000024b       0x34 ./Drivers/STM32G4xx_HAL_Driver/Src/stm32g4xx_hal_adc_ex.o
 .ARM.attributes
                0x0000027f       0x34 ./Drivers/STM32G4xx_HAL_Driver/Src/stm32g4xx_hal_cordic.o
 .ARM.attributes
                0x000002b3       0x34 ./Drivers/STM32G4xx_HAL_Driver/Src/stm32g4xx_hal_cortex.o
 .ARM.attributes
                0x000002e7       0x34 ./Drivers/STM32G4xx_HAL_Driver/Src/stm32g4xx_hal_crc.o
 .ARM.attributes
                0x0000031b       0x34 ./Drivers/STM32G4xx_HAL_Driver/Src/stm32g4xx_hal_crc_ex.o
 .ARM.attributes
                0x0000034f       0x34 ./Drivers/STM32G4xx_HAL_Driver/Src/stm32g4xx_hal_dma.o
 .ARM.attributes
                0x00000383       0x34 ./Drivers/STM32G4xx_HAL_Driver/Src/stm32g4xx_hal_fdcan.o
 .ARM.attributes
                0x000003b7       0x34 ./Drivers/STM32G4xx_HAL_Driver/Src/stm32g4xx_hal_gpio.o
 .ARM.attributes
                0x000003eb       0x34 ./Drivers/STM32G4xx_HAL_Driver/Src/stm32g4xx_hal_i2c.o
 .ARM.attributes
                0x0000041f       0x34 ./Drivers/STM32G4xx_HAL_Driver/Src/stm32g4xx_hal_i2c_ex.o
 .ARM.attributes
                0x00000453       0x34 ./Drivers/STM32G4xx_HAL_Driver/Src/stm32g4xx_hal_iwdg.o
 .ARM.attributes
                0x00000487       0x34 ./Drivers/STM32G4xx_HAL_Driver/Src/stm32g4xx_hal_pcd.o
 .ARM.attributes
                0x000004bb       0x34 ./Drivers/STM32G4xx_HAL_Driver/Src/stm32g4xx_hal_pcd_ex.o
 .ARM.attributes
                0x000004ef       0x34 ./Drivers/STM32G4xx_HAL_Driver/Src/stm32g4xx_hal_pwr_ex.o
 .ARM.attributes
                0x00000523       0x34 ./Drivers/STM32G4xx_HAL_Driver/Src/stm32g4xx_hal_rcc.o
 .ARM.attributes
                0x00000557       0x34 ./Drivers/STM32G4xx_HAL_Driver/Src/stm32g4xx_hal_rcc_ex.o
 .ARM.attributes
                0x0000058b       0x34 ./Drivers/STM32G4xx_HAL_Driver/Src/stm32g4xx_hal_tim.o
 .ARM.attributes
                0x000005bf       0x34 ./Drivers/STM32G4xx_HAL_Driver/Src/stm32g4xx_hal_tim_ex.o
 .ARM.attributes
                0x000005f3       0x34 ./Drivers/STM32G4xx_HAL_Driver/Src/stm32g4xx_hal_uart.o
 .ARM.attributes
                0x00000627       0x34 ./Drivers/STM32G4xx_HAL_Driver/Src/stm32g4xx_hal_uart_ex.o
 .ARM.attributes
                0x0000065b       0x34 ./Drivers/STM32G4xx_HAL_Driver/Src/stm32g4xx_ll_usb.o
 .ARM.attributes
                0x0000068f       0x34 C:/ST/STM32CubeIDE_2.1.0/STM32CubeIDE/plugins/com.st.stm32cube.ide.mcu.externaltools.gnu-tools-for-stm32.14.3.rel1.win32_1.0.100.202602081740/tools/bin/../lib/gcc/arm-none-eabi/14.3.1/../../../../arm-none-eabi/lib/thumb/v7e-m+fp/hard\libc_nano.a(libc_a-findfp.o)
 .ARM.attributes
                0x000006c3       0x34 C:/ST/STM32CubeIDE_2.1.0/STM32CubeIDE/plugins/com.st.stm32cube.ide.mcu.externaltools.gnu-tools-for-stm32.14.3.rel1.win32_1.0.100.202602081740/tools/bin/../lib/gcc/arm-none-eabi/14.3.1/../../../../arm-none-eabi/lib/thumb/v7e-m+fp/hard\libc_nano.a(libc_a-snprintf.o)
 .ARM.attributes
                0x000006f7       0x34 C:/ST/STM32CubeIDE_2.1.0/STM32CubeIDE/plugins/com.st.stm32cube.ide.mcu.externaltools.gnu-tools-for-stm32.14.3.rel1.win32_1.0.100.202602081740/tools/bin/../lib/gcc/arm-none-eabi/14.3.1/../../../../arm-none-eabi/lib/thumb/v7e-m+fp/hard\libc_nano.a(libc_a-memset.o)
 .ARM.attributes
                0x0000072b       0x34 C:/ST/STM32CubeIDE_2.1.0/STM32CubeIDE/plugins/com.st.stm32cube.ide.mcu.externaltools.gnu-tools-for-stm32.14.3.rel1.win32_1.0.100.202602081740/tools/bin/../lib/gcc/arm-none-eabi/14.3.1/../../../../arm-none-eabi/lib/thumb/v7e-m+fp/hard\libc_nano.a(libc_a-reent.o)
 .ARM.attributes
                0x0000075f       0x34 C:/ST/STM32CubeIDE_2.1.0/STM32CubeIDE/plugins/com.st.stm32cube.ide.mcu.externaltools.gnu-tools-for-stm32.14.3.rel1.win32_1.0.100.202602081740/tools/bin/../lib/gcc/arm-none-eabi/14.3.1/../../../../arm-none-eabi/lib/thumb/v7e-m+fp/hard\libc_nano.a(libc_a-impure.o)
 .ARM.attributes
                0x00000793       0x34 C:/ST/STM32CubeIDE_2.1.0/STM32CubeIDE/plugins/com.st.stm32cube.ide.mcu.externaltools.gnu-tools-for-stm32.14.3.rel1.win32_1.0.100.202602081740/tools/bin/../lib/gcc/arm-none-eabi/14.3.1/../../../../arm-none-eabi/lib/thumb/v7e-m+fp/hard\libc_nano.a(libc_a-errno.o)
 .ARM.attributes
                0x000007c7       0x34 C:/ST/STM32CubeIDE_2.1.0/STM32CubeIDE/plugins/com.st.stm32cube.ide.mcu.externaltools.gnu-tools-for-stm32.14.3.rel1.win32_1.0.100.202602081740/tools/bin/../lib/gcc/arm-none-eabi/14.3.1/../../../../arm-none-eabi/lib/thumb/v7e-m+fp/hard\libc_nano.a(libc_a-init.o)
 .ARM.attributes
                0x000007fb       0x34 C:/ST/STM32CubeIDE_2.1.0/STM32CubeIDE/plugins/com.st.stm32cube.ide.mcu.externaltools.gnu-tools-for-stm32.14.3.rel1.win32_1.0.100.202602081740/tools/bin/../lib/gcc/arm-none-eabi/14.3.1/../../../../arm-none-eabi/lib/thumb/v7e-m+fp/hard\libc_nano.a(libc_a-lock.o)
 .ARM.attributes
                0x0000082f       0x34 C:/ST/STM32CubeIDE_2.1.0/STM32CubeIDE/plugins/com.st.stm32cube.ide.mcu.externaltools.gnu-tools-for-stm32.14.3.rel1.win32_1.0.100.202602081740/tools/bin/../lib/gcc/arm-none-eabi/14.3.1/../../../../arm-none-eabi/lib/thumb/v7e-m+fp/hard\libc_nano.a(libc_a-memcpy-stub.o)
 .ARM.attributes
                0x00000863       0x34 C:/ST/STM32CubeIDE_2.1.0/STM32CubeIDE/plugins/com.st.stm32cube.ide.mcu.externaltools.gnu-tools-for-stm32.14.3.rel1.win32_1.0.100.202602081740/tools/bin/../lib/gcc/arm-none-eabi/14.3.1/../../../../arm-none-eabi/lib/thumb/v7e-m+fp/hard\libc_nano.a(libc_a-freer.o)
 .ARM.attributes
                0x00000897       0x34 C:/ST/STM32CubeIDE_2.1.0/STM32CubeIDE/plugins/com.st.stm32cube.ide.mcu.externaltools.gnu-tools-for-stm32.14.3.rel1.win32_1.0.100.202602081740/tools/bin/../lib/gcc/arm-none-eabi/14.3.1/../../../../arm-none-eabi/lib/thumb/v7e-m+fp/hard\libc_nano.a(libc_a-mallocr.o)
 .ARM.attributes
                0x000008cb       0x34 C:/ST/STM32CubeIDE_2.1.0/STM32CubeIDE/plugins/com.st.stm32cube.ide.mcu.externaltools.gnu-tools-for-stm32.14.3.rel1.win32_1.0.100.202602081740/tools/bin/../lib/gcc/arm-none-eabi/14.3.1/../../../../arm-none-eabi/lib/thumb/v7e-m+fp/hard\libc_nano.a(libc_a-mlock.o)
 .ARM.attributes
                0x000008ff       0x34 C:/ST/STM32CubeIDE_2.1.0/STM32CubeIDE/plugins/com.st.stm32cube.ide.mcu.externaltools.gnu-tools-for-stm32.14.3.rel1.win32_1.0.100.202602081740/tools/bin/../lib/gcc/arm-none-eabi/14.3.1/../../../../arm-none-eabi/lib/thumb/v7e-m+fp/hard\libc_nano.a(libc_a-nano-svfprintf.o)
 .ARM.attributes
                0x00000933       0x34 C:/ST/STM32CubeIDE_2.1.0/STM32CubeIDE/plugins/com.st.stm32cube.ide.mcu.externaltools.gnu-tools-for-stm32.14.3.rel1.win32_1.0.100.202602081740/tools/bin/../lib/gcc/arm-none-eabi/14.3.1/../../../../arm-none-eabi/lib/thumb/v7e-m+fp/hard\libc_nano.a(libc_a-nano-vfprintf_i.o)
 .ARM.attributes
                0x00000967       0x34 C:/ST/STM32CubeIDE_2.1.0/STM32CubeIDE/plugins/com.st.stm32cube.ide.mcu.externaltools.gnu-tools-for-stm32.14.3.rel1.win32_1.0.100.202602081740/tools/bin/../lib/gcc/arm-none-eabi/14.3.1/../../../../arm-none-eabi/lib/thumb/v7e-m+fp/hard\libc_nano.a(libc_a-memmove.o)
 .ARM.attributes
                0x0000099b       0x34 C:/ST/STM32CubeIDE_2.1.0/STM32CubeIDE/plugins/com.st.stm32cube.ide.mcu.externaltools.gnu-tools-for-stm32.14.3.rel1.win32_1.0.100.202602081740/tools/bin/../lib/gcc/arm-none-eabi/14.3.1/../../../../arm-none-eabi/lib/thumb/v7e-m+fp/hard\libc_nano.a(libc_a-sbrkr.o)
 .ARM.attributes
                0x000009cf       0x1c C:/ST/STM32CubeIDE_2.1.0/STM32CubeIDE/plugins/com.st.stm32cube.ide.mcu.externaltools.gnu-tools-for-stm32.14.3.rel1.win32_1.0.100.202602081740/tools/bin/../lib/gcc/arm-none-eabi/14.3.1/../../../../arm-none-eabi/lib/thumb/v7e-m+fp/hard\libc_nano.a(libc_a-memchr.o)
 .ARM.attributes
                0x000009eb       0x34 C:/ST/STM32CubeIDE_2.1.0/STM32CubeIDE/plugins/com.st.stm32cube.ide.mcu.externaltools.gnu-tools-for-stm32.14.3.rel1.win32_1.0.100.202602081740/tools/bin/../lib/gcc/arm-none-eabi/14.3.1/../../../../arm-none-eabi/lib/thumb/v7e-m+fp/hard\libc_nano.a(libc_a-reallocr.o)
 .ARM.attributes