../Core/Src/motor_driver_v2.c:154:6:DWT_Init	4	static
../Core/Src/motor_driver_v2.c:160:6:DWT_Delay_us	24	static
../Core/Src/motor_driver_v2.c:169:6:IWDG_Feed	8	static
../Core/Src/motor_driver_v2.c:176:17:ADC_Read	24	static
../Core/Src/motor_driver_v2.c:184:21:ADC_ToVolt	16	static
../Core/Src/motor_driver_v2.c:191:14:INA241_Curr	24	static
../Core/Src/motor_driver_v2.c:200:13:ADC5_ReadBoth	48	static
../Core/Src/motor_driver_v2.c:219:6:PWM_SetA	16	static
../Core/Src/motor_driver_v2.c:220:6:PWM_SetB	16	static
../Core/Src/motor_driver_v2.c:221:6:PWM_SetC	16	static
../Core/Src/motor_driver_v2.c:223:6:PWM_AllOff	8	static
../Core/Src/motor_driver_v2.c:227:6:deadtime	8	static
../Core/Src/motor_driver_v2.c:235:6:Buzzer_Beep	16	static
../Core/Src/motor_driver_v2.c:244:23:readHall	16	static
../Core/Src/motor_driver_v2.c:255:13:commutate_forward	16	static
../Core/Src/motor_driver_v2.c:268:13:commutate_reverse	16	static
../Core/Src/motor_driver_v2.c:290:6:ExtInt	16	static
../Core/Src/motor_driver_v2.c:337:6:adcRead	24	static
../Core/Src/motor_driver_v2.c:422:6:menu	216	static
../Core/Src/motor_driver_v2.c:448:6:TIM6_1kHz_Callback	16	static
../Core/Src/motor_driver_v2.c:534:6:Motor_Init	24	static
../Core/Src/motor_driver_v2.c:582:6:Motor_Loop	24	static
